Archive member included to satisfy reference by file (symbol)

C:\nxp\workspace_cmsis\CMSISv2p00_LPC17xx\Debug\libCMSISv2p00_LPC17xx.a(system_LPC17xx.o)
                              ./src/cr_startup_lpc175x_6x.o (SystemInit)
c:/nxp/lpcxpresso_8.2.2_650/lpcxpresso/tools/bin/../lib/gcc/arm-none-eabi/5.4.1/../../../../arm-none-eabi/lib/armv7-m\libcr_semihost.a(_cr__main.o)
                              ./src/cr_startup_lpc175x_6x.o (__main)
c:/nxp/lpcxpresso_8.2.2_650/lpcxpresso/tools/bin/../lib/gcc/arm-none-eabi/5.4.1/../../../../arm-none-eabi/lib/armv7-m\libcr_c.a(cr_time.o)
                              ./src/simon.o (time)
c:/nxp/lpcxpresso_8.2.2_650/lpcxpresso/tools/bin/../lib/gcc/arm-none-eabi/5.4.1/../../../../arm-none-eabi/lib/armv7-m\libcr_c.a(fpprintf.o)
                              ./src/simon.o (sprintf)
c:/nxp/lpcxpresso_8.2.2_650/lpcxpresso/tools/bin/../lib/gcc/arm-none-eabi/5.4.1/../../../../arm-none-eabi/lib/armv7-m\libcr_c.a(initio.o)
                              c:/nxp/lpcxpresso_8.2.2_650/lpcxpresso/tools/bin/../lib/gcc/arm-none-eabi/5.4.1/../../../../arm-none-eabi/lib/armv7-m\libcr_semihost.a(_cr__main.o) (_initio)
c:/nxp/lpcxpresso_8.2.2_650/lpcxpresso/tools/bin/../lib/gcc/arm-none-eabi/5.4.1/../../../../arm-none-eabi/lib/armv7-m\libcr_c.a(printf.o)
                              c:/nxp/lpcxpresso_8.2.2_650/lpcxpresso/tools/bin/../lib/gcc/arm-none-eabi/5.4.1/../../../../arm-none-eabi/lib/armv7-m\libcr_c.a(fpprintf.o) (__vfprintf)
c:/nxp/lpcxpresso_8.2.2_650/lpcxpresso/tools/bin/../lib/gcc/arm-none-eabi/5.4.1/../../../../arm-none-eabi/lib/armv7-m\libcr_c.a(setvbuf.o)
                              c:/nxp/lpcxpresso_8.2.2_650/lpcxpresso/tools/bin/../lib/gcc/arm-none-eabi/5.4.1/../../../../arm-none-eabi/lib/armv7-m\libcr_c.a(initio.o) (setvbuf)
c:/nxp/lpcxpresso_8.2.2_650/lpcxpresso/tools/bin/../lib/gcc/arm-none-eabi/5.4.1/../../../../arm-none-eabi/lib/armv7-m\libcr_c.a(stdio.o)
                              c:/nxp/lpcxpresso_8.2.2_650/lpcxpresso/tools/bin/../lib/gcc/arm-none-eabi/5.4.1/../../../../arm-none-eabi/lib/armv7-m\libcr_c.a(fpprintf.o) (__Ciob)
c:/nxp/lpcxpresso_8.2.2_650/lpcxpresso/tools/bin/../lib/gcc/arm-none-eabi/5.4.1/../../../../arm-none-eabi/lib/armv7-m\libcr_c.a(stdlib.o)
                              ./src/simon.o (rand)
c:/nxp/lpcxpresso_8.2.2_650/lpcxpresso/tools/bin/../lib/gcc/arm-none-eabi/5.4.1/../../../../arm-none-eabi/lib/armv7-m\libcr_c.a(strlen.o)
                              c:/nxp/lpcxpresso_8.2.2_650/lpcxpresso/tools/bin/../lib/gcc/arm-none-eabi/5.4.1/../../../../arm-none-eabi/lib/armv7-m\libcr_c.a(printf.o) (strlen)
c:/nxp/lpcxpresso_8.2.2_650/lpcxpresso/tools/bin/../lib/gcc/arm-none-eabi/5.4.1/../../../../arm-none-eabi/lib/armv7-m\libcr_c.a(memset.o)
                              c:/nxp/lpcxpresso_8.2.2_650/lpcxpresso/tools/bin/../lib/gcc/arm-none-eabi/5.4.1/../../../../arm-none-eabi/lib/armv7-m\libcr_c.a(fpprintf.o) (memset)
c:/nxp/lpcxpresso_8.2.2_650/lpcxpresso/tools/bin/../lib/gcc/arm-none-eabi/5.4.1/../../../../arm-none-eabi/lib/armv7-m\libcr_c.a(__fillbuf.o)
                              c:/nxp/lpcxpresso_8.2.2_650/lpcxpresso/tools/bin/../lib/gcc/arm-none-eabi/5.4.1/../../../../arm-none-eabi/lib/armv7-m\libcr_c.a(stdio.o) (__filbuf)
c:/nxp/lpcxpresso_8.2.2_650/lpcxpresso/tools/bin/../lib/gcc/arm-none-eabi/5.4.1/../../../../arm-none-eabi/lib/armv7-m\libcr_c.a(_deferredlazyseek.o)
                              c:/nxp/lpcxpresso_8.2.2_650/lpcxpresso/tools/bin/../lib/gcc/arm-none-eabi/5.4.1/../../../../arm-none-eabi/lib/armv7-m\libcr_c.a(__fillbuf.o) (_deferredlazyseek)
c:/nxp/lpcxpresso_8.2.2_650/lpcxpresso/tools/bin/../lib/gcc/arm-none-eabi/5.4.1/../../../../arm-none-eabi/lib/armv7-m\libcr_c.a(_fdopen.o)
                              c:/nxp/lpcxpresso_8.2.2_650/lpcxpresso/tools/bin/../lib/gcc/arm-none-eabi/5.4.1/../../../../arm-none-eabi/lib/armv7-m\libcr_c.a(initio.o) (_fdopen)
c:/nxp/lpcxpresso_8.2.2_650/lpcxpresso/tools/bin/../lib/gcc/arm-none-eabi/5.4.1/../../../../arm-none-eabi/lib/armv7-m\libcr_c.a(_fflush.o)
                              c:/nxp/lpcxpresso_8.2.2_650/lpcxpresso/tools/bin/../lib/gcc/arm-none-eabi/5.4.1/../../../../arm-none-eabi/lib/armv7-m\libcr_c.a(__fillbuf.o) (_fflush)
c:/nxp/lpcxpresso_8.2.2_650/lpcxpresso/tools/bin/../lib/gcc/arm-none-eabi/5.4.1/../../../../arm-none-eabi/lib/armv7-m\libcr_c.a(_frexpl.o)
                              c:/nxp/lpcxpresso_8.2.2_650/lpcxpresso/tools/bin/../lib/gcc/arm-none-eabi/5.4.1/../../../../arm-none-eabi/lib/armv7-m\libcr_c.a(fpprintf.o) (_frexpl)
c:/nxp/lpcxpresso_8.2.2_650/lpcxpresso/tools/bin/../lib/gcc/arm-none-eabi/5.4.1/../../../../arm-none-eabi/lib/armv7-m\libcr_c.a(_ldexpl.o)
                              c:/nxp/lpcxpresso_8.2.2_650/lpcxpresso/tools/bin/../lib/gcc/arm-none-eabi/5.4.1/../../../../arm-none-eabi/lib/armv7-m\libcr_c.a(fpprintf.o) (_ldexpl)
[...]
Memory Configuration

Name             Origin             Length             Attributes
MFlash512        0x00000000         0x00080000         xr
RamLoc32         0x10000000         0x00008000         xrw
RamAHB32         0x2007c000         0x00008000         xrw
*default*        0x00000000         0xffffffff

Linker script and memory map

LOAD ./src/TP_FINAL_ED3.o
LOAD ./src/activacion.o
LOAD ./src/configuracion.o
LOAD ./src/cr_startup_lpc175x_6x.o
LOAD ./src/crp.o
LOAD ./src/lcd.o
LOAD ./src/leds.o
LOAD ./src/simon.o
LOAD C:\nxp\workspace_cmsis\CMSISv2p00_LPC17xx\Debug\libCMSISv2p00_LPC17xx.a
START GROUP
LOAD c:/nxp/lpcxpresso_8.2.2_650/lpcxpresso/tools/bin/../lib/gcc/arm-none-eabi/5.4.1/../../../../arm-none-eabi/lib/armv7-m\libcr_semihost.a
LOAD c:/nxp/lpcxpresso_8.2.2_650/lpcxpresso/tools/bin/../lib/gcc/arm-none-eabi/5.4.1/../../../../arm-none-eabi/lib/armv7-m\libcr_c.a
LOAD c:/nxp/lpcxpresso_8.2.2_650/lpcxpresso/tools/bin/../lib/gcc/arm-none-eabi/5.4.1/armv7-m\libcr_eabihelpers.a
END GROUP
                0x00000000                __base_MFlash512 = 0x0
                0x00000000                __base_Flash = 0x0
                0x00080000                __top_MFlash512 = 0x80000
                0x00080000                __top_Flash = 0x80000
                0x10000000                __base_RamLoc32 = 0x10000000
                0x10000000                __base_RAM = 0x10000000
                0x10008000                __top_RamLoc32 = 0x10008000
                0x10008000                __top_RAM = 0x10008000
                0x2007c000                __base_RamAHB32 = 0x2007c000
                0x2007c000                __base_RAM2 = 0x2007c000
                0x20084000                __top_RamAHB32 = 0x20084000
                0x20084000                __top_RAM2 = 0x20084000

.text           0x00000000     0x5318
 FILL mask 0xff
                0x00000000                __vectors_start__ = ABSOLUTE (.)
 *(.isr_vector)
 .isr_vector    0x00000000       0xcc ./src/cr_startup_lpc175x_6x.o
                0x00000000                g_pfnVectors
                0x000000cc                . = ALIGN (0x4)
                0x000000cc                __section_table_start = .
                0x000000cc                __data_section_table = .
                0x000000cc        0x4 LONG 0x5318 LOADADDR (.data)
                0x000000d0        0x4 LONG 0x10000000 ADDR (.data)
                0x000000d4        0x4 LONG 0x108 SIZEOF (.data)
                0x000000d8        0x4 LONG 0x5318 LOADADDR (.data_RAM2)
                0x000000dc        0x4 LONG 0x2007c000 ADDR (.data_RAM2)
                0x000000e0        0x4 LONG 0x0 SIZEOF (.data_RAM2)
                0x000000e4                __data_section_table_end = .
                0x000000e4                __bss_section_table = .
                0x000000e4        0x4 LONG 0x10000108 ADDR (.bss)
                0x000000e8        0x4 LONG 0x23c SIZEOF (.bss)
                0x000000ec        0x4 LONG 0x2007c000 ADDR (.bss_RAM2)
                0x000000f0        0x4 LONG 0x0 SIZEOF (.bss_RAM2)
                0x000000f4                __bss_section_table_end = .
                0x000000f4                __section_table_end = .
 *(.after_vectors*)
 .after_vectors
                0x000000f4      0x144 ./src/cr_startup_lpc175x_6x.o
                0x000000f4                data_init
                0x00000138                bss_init
                0x00000170                ResetISR
                0x000001e8                NMI_Handler
                0x000001f0                HardFault_Handler
                0x000001f8                MemManage_Handler
                0x00000200                BusFault_Handler
                0x00000208                UsageFault_Handler
                0x00000210                SVC_Handler
                0x00000218                DebugMon_Handler
                0x00000220                PendSV_Handler
                0x00000230                CANActivity_IRQHandler
                0x00000230                TIMER3_IRQHandler
                0x00000230                USBActivity_IRQHandler
                0x00000230                UART1_IRQHandler
                0x00000230                IntDefaultHandler
                0x00000230                PLL0_IRQHandler
                0x00000230                I2C0_IRQHandler
                0x00000230                PLL1_IRQHandler
                0x00000230                SSP0_IRQHandler
                0x00000230                I2C1_IRQHandler
                0x00000230                I2C2_IRQHandler
                0x00000230                RTC_IRQHandler
                0x00000230                SPI_IRQHandler
                0x00000230                RIT_IRQHandler
                0x00000230                UART2_IRQHandler
                0x00000230                ADC_IRQHandler
                0x00000230                SSP1_IRQHandler
                0x00000230                USB_IRQHandler
                0x00000230                BOD_IRQHandler
                0x00000230                PWM1_IRQHandler
                0x00000230                WDT_IRQHandler
                0x00000230                I2S_IRQHandler
                0x00000230                QEI_IRQHandler
                0x00000230                CAN_IRQHandler
                0x00000230                DMA_IRQHandler
                0x00000230                TIMER2_IRQHandler
                0x00000230                UART3_IRQHandler
                0x00000230                MCPWM_IRQHandler
                0x00000230                ENET_IRQHandler
 *(.text*)
 .text.main     0x00000238      0x23c ./src/TP_FINAL_ED3.o
                0x00000238                main
 .text.NVIC_EnableIRQ
                0x00000474       0x30 ./src/activacion.o
 .text.NVIC_DisableIRQ
                0x000004a4       0x34 ./src/activacion.o
 .text.EINT0_IRQHandler
                0x000004d8       0xb8 ./src/activacion.o
                0x000004d8                EINT0_IRQHandler
 .text.EINT1_IRQHandler
                0x00000590       0xb8 ./src/activacion.o
                0x00000590                EINT1_IRQHandler
 .text.EINT2_IRQHandler
                0x00000648       0xb8 ./src/activacion.o
                0x00000648                EINT2_IRQHandler
 .text.EINT3_IRQHandler
                0x00000700       0xb8 ./src/activacion.o
                0x00000700                EINT3_IRQHandler
 .text.TIMER0_IRQHandler
                0x000007b8       0xa0 ./src/activacion.o
                0x000007b8                TIMER0_IRQHandler
 .text.TIMER1_IRQHandler
                0x00000858       0x58 ./src/activacion.o
                0x00000858                TIMER1_IRQHandler
 .text.UART0_IRQHandler
                0x000008b0       0xcc ./src/activacion.o
                0x000008b0                UART0_IRQHandler
 .text.SysTick_Handler
                0x0000097c       0x24 ./src/activacion.o
                0x0000097c                SysTick_Handler
 .text.movimiento_Stick
                0x000009a0      0x110 ./src/activacion.o
                0x000009a0                movimiento_Stick
 .text.clear_SELMODE
                0x00000ab0       0x18 ./src/activacion.o
                0x00000ab0                clear_SELMODE
 .text.getPulsador
                0x00000ac8       0x14 ./src/activacion.o
                0x00000ac8                getPulsador
 .text.clearPulsador
                0x00000adc       0x18 ./src/activacion.o
                0x00000adc                clearPulsador
 .text.set_SELMODE
                0x00000af4       0x20 ./src/activacion.o
                0x00000af4                set_SELMODE
 .text.get_SELMODE
                0x00000b14       0x14 ./src/activacion.o
                0x00000b14                get_SELMODE
 .text.get_SECUENCIA
                0x00000b28       0x14 ./src/activacion.o
                0x00000b28                get_SECUENCIA
 .text.set_SECUENCIA
                0x00000b3c       0x20 ./src/activacion.o
                0x00000b3c                set_SECUENCIA
 .text.get_ENABLE
                0x00000b5c       0x14 ./src/activacion.o
                0x00000b5c                get_ENABLE
 .text.set_read_byte
                0x00000b70       0x20 ./src/activacion.o
                0x00000b70                set_read_byte
 .text.get_user_tono
                0x00000b90       0x24 ./src/activacion.o
                0x00000b90                get_user_tono
 .text.get_GAME_ON
                0x00000bb4       0x14 ./src/activacion.o
                0x00000bb4                get_GAME_ON
 .text.set_GAME_ON
                0x00000bc8       0x20 ./src/activacion.o
                0x00000bc8                set_GAME_ON
 .text.set_START_COM
                0x00000be8       0x20 ./src/activacion.o
                0x00000be8                set_START_COM
 .text.debounce
                0x00000c08       0x8c ./src/activacion.o
                0x00000c08                debounce
 .text.NVIC_EnableIRQ
                0x00000c94       0x30 ./src/configuracion.o
 .text.gpioConfig
                0x00000cc4      0x124 ./src/configuracion.o
                0x00000cc4                gpioConfig
 .text.timerConfig
                0x00000de8       0xb4 ./src/configuracion.o
                0x00000de8                timerConfig
 .text.eintConfig
                0x00000e9c       0x90 ./src/configuracion.o
                0x00000e9c                eintConfig
 .text.uartConfig
                0x00000f2c       0x6c ./src/configuracion.o
                0x00000f2c                uartConfig
 .text.adcConfig
                0x00000f98       0x40 ./src/configuracion.o
                0x00000f98                adcConfig
 .text.nvic_sysConfig
                0x00000fd8       0xf0 ./src/configuracion.o
                0x00000fd8                nvic_sysConfig
 .text.setTono  0x000010c8       0x2c ./src/configuracion.o
                0x000010c8                setTono
 .text.sysTick_OFF
                0x000010f4       0x1c ./src/configuracion.o
                0x000010f4                sysTick_OFF
 .text.setTiempo
                0x00001110       0x38 ./src/configuracion.o
                0x00001110                setTiempo
 .text.perifericos_Init
                0x00001148       0x24 ./src/configuracion.o
                0x00001148                perifericos_Init
 .text.Lcd_Init
                0x0000116c       0xf0 ./src/lcd.o
                0x0000116c                Lcd_Init
 .text.Lcd_CmdWrite
                0x0000125c      0x108 ./src/lcd.o
                0x0000125c                Lcd_CmdWrite
 .text.Lcd_DataWrite
                0x00001364      0x104 ./src/lcd.o
                0x00001364                Lcd_DataWrite
 .text.enviarNibble
                0x00001468       0xc8 ./src/lcd.o
                0x00001468                enviarNibble
 .text.Lcd_posCursor
                0x00001530       0x5c ./src/lcd.o
                0x00001530                Lcd_posCursor
 .text.Lcd_Send
                0x0000158c       0x3c ./src/lcd.o
                0x0000158c                Lcd_Send
 .text.Lcd_Clear
                0x000015c8       0x10 ./src/lcd.o
                0x000015c8                Lcd_Clear
 .text.Lcd_Show
                0x000015d8       0x58 ./src/lcd.o
                0x000015d8                Lcd_Show
 .text.delay    0x00001630       0x28 ./src/lcd.o
                0x00001630                delay
 .text.leds_Init
                0x00001658       0x1c ./src/leds.o
                0x00001658                leds_Init
 .text.led_verde_ON
                0x00001674       0x28 ./src/leds.o
                0x00001674                led_verde_ON
 .text.led_verde_OFF
                0x0000169c       0x1c ./src/leds.o
                0x0000169c                led_verde_OFF
 .text.led_amarillo_ON
                0x000016b8       0x28 ./src/leds.o
                0x000016b8                led_amarillo_ON
 .text.led_amarillo_OFF
                0x000016e0       0x1c ./src/leds.o
                0x000016e0                led_amarillo_OFF
 .text.led_rojo_ON
                0x000016fc       0x28 ./src/leds.o
                0x000016fc                led_rojo_ON
 .text.led_rojo_OFF
                0x00001724       0x1c ./src/leds.o
                0x00001724                led_rojo_OFF
 .text.led_azul_ON
                0x00001740       0x28 ./src/leds.o
                0x00001740                led_azul_ON
 .text.led_azul_OFF
                0x00001768       0x1c ./src/leds.o
                0x00001768                led_azul_OFF
 .text.leds_ON  0x00001784       0x50 ./src/leds.o
                0x00001784                leds_ON
 .text.leds_OFF
                0x000017d4       0x50 ./src/leds.o
                0x000017d4                leds_OFF
 .text.led_color_ON
                0x00001824       0x3c ./src/leds.o
                0x00001824                led_color_ON
 .text.NVIC_EnableIRQ
                0x00001860       0x30 ./src/simon.o
 .text.NVIC_DisableIRQ
                0x00001890       0x34 ./src/simon.o
 .text.NVIC_ClearPendingIRQ
                0x000018c4       0x34 ./src/simon.o
 .text.simon_Init
                0x000018f8      0x1b8 ./src/simon.o
                0x000018f8                simon_Init
 .text.simon_SUCCESS
                0x00001ab0       0xbc ./src/simon.o
                0x00001ab0                simon_SUCCESS
 .text.simon_MultiSUCCESS
                0x00001b6c       0x48 ./src/simon.o
                0x00001b6c                simon_MultiSUCCESS
 .text.simon_FAIL
                0x00001bb4       0x50 ./src/simon.o
                0x00001bb4                simon_FAIL
 .text.modo_1   0x00001c04      0x258 ./src/simon.o
                0x00001c04                modo_1
 .text.modo_2   0x00001e5c      0x214 ./src/simon.o
                0x00001e5c                modo_2
 .text.modo_3   0x00002070      0x2f0 ./src/simon.o
                0x00002070                modo_3
 .text.modo_4   0x00002360      0x30c ./src/simon.o
                0x00002360                modo_4
 .text.retardo  0x0000266c       0x28 ./src/simon.o
                0x0000266c                retardo
 .text.cambiar_Tiempo
                0x00002694       0x60 ./src/simon.o
                0x00002694                cambiar_Tiempo
 .text.SystemInit
                0x000026f4       0xe4 C:\nxp\workspace_cmsis\CMSISv2p00_LPC17xx\Debug\libCMSISv2p00_LPC17xx.a(system_LPC17xx.o)
                0x000026f4                SystemInit
 .text.__main   0x000027d8       0x14 c:/nxp/lpcxpresso_8.2.2_650/lpcxpresso/tools/bin/../lib/gcc/arm-none-eabi/5.4.1/../../../../arm-none-eabi/lib/armv7-m\libcr_semihost.a(_cr__main.o)
                0x000027d8                __CR_SEMIHOST
                0x000027d8                __main
 .text.time     0x000027ec        0xe c:/nxp/lpcxpresso_8.2.2_650/lpcxpresso/tools/bin/../lib/gcc/arm-none-eabi/5.4.1/../../../../arm-none-eabi/lib/armv7-m\libcr_c.a(cr_time.o)
                0x000027ec                time
 .text.fp_round
                0x000027fa       0x4c c:/nxp/lpcxpresso_8.2.2_650/lpcxpresso/tools/bin/../lib/gcc/arm-none-eabi/5.4.1/../../../../arm-none-eabi/lib/armv7-m\libcr_c.a(fpprintf.o)
 .text.pr_dec.constprop.1
                0x00002846       0x26 c:/nxp/lpcxpresso_8.2.2_650/lpcxpresso/tools/bin/../lib/gcc/arm-none-eabi/5.4.1/../../../../arm-none-eabi/lib/armv7-m\libcr_c.a(fpprintf.o)
 .text.sprintf  0x0000286c       0x6c c:/nxp/lpcxpresso_8.2.2_650/lpcxpresso/tools/bin/../lib/gcc/arm-none-eabi/5.4.1/../../../../arm-none-eabi/lib/armv7-m\libcr_c.a(fpprintf.o)
                0x0000286c                sprintf
 .text.fp_display
                0x000028d8      0x8ec c:/nxp/lpcxpresso_8.2.2_650/lpcxpresso/tools/bin/../lib/gcc/arm-none-eabi/5.4.1/../../../../arm-none-eabi/lib/armv7-m\libcr_c.a(fpprintf.o)
 .text.vsnprintf
                0x000031c4       0x5c c:/nxp/lpcxpresso_8.2.2_650/lpcxpresso/tools/bin/../lib/gcc/arm-none-eabi/5.4.1/../../../../arm-none-eabi/lib/armv7-m\libcr_c.a(fpprintf.o)
                0x000031c4                vsnprintf
 .text.printf   0x00003220       0x54 c:/nxp/lpcxpresso_8.2.2_650/lpcxpresso/tools/bin/../lib/gcc/arm-none-eabi/5.4.1/../../../../arm-none-eabi/lib/armv7-m\libcr_c.a(fpprintf.o)
                0x00003220                printf
 .text._initio  0x00003274       0xa4 c:/nxp/lpcxpresso_8.2.2_650/lpcxpresso/tools/bin/../lib/gcc/arm-none-eabi/5.4.1/../../../../arm-none-eabi/lib/armv7-m\libcr_c.a(initio.o)
                0x00003274                _initio
 .text.__vfprintf
                0x00003318      0xd28 c:/nxp/lpcxpresso_8.2.2_650/lpcxpresso/tools/bin/../lib/gcc/arm-none-eabi/5.4.1/../../../../arm-none-eabi/lib/armv7-m\libcr_c.a(printf.o)
                0x00003318                __vfprintf
 .text.setvbuf  0x00004040       0x40 c:/nxp/lpcxpresso_8.2.2_650/lpcxpresso/tools/bin/../lib/gcc/arm-none-eabi/5.4.1/../../../../arm-none-eabi/lib/armv7-m\libcr_c.a(setvbuf.o)
                0x00004040                setvbuf
 .text.rand     0x00004080       0x3c c:/nxp/lpcxpresso_8.2.2_650/lpcxpresso/tools/bin/../lib/gcc/arm-none-eabi/5.4.1/../../../../arm-none-eabi/lib/armv7-m\libcr_c.a(stdlib.o)
                0x00004080                rand
 .text.srand    0x000040bc       0x40 c:/nxp/lpcxpresso_8.2.2_650/lpcxpresso/tools/bin/../lib/gcc/arm-none-eabi/5.4.1/../../../../arm-none-eabi/lib/armv7-m\libcr_c.a(stdlib.o)
                0x000040bc                srand
 .text.strlen   0x000040fc       0x4a c:/nxp/lpcxpresso_8.2.2_650/lpcxpresso/tools/bin/../lib/gcc/arm-none-eabi/5.4.1/../../../../arm-none-eabi/lib/armv7-m\libcr_c.a(strlen.o)
                0x000040fc                strlen
 .text.memset   0x00004146        0x4 c:/nxp/lpcxpresso_8.2.2_650/lpcxpresso/tools/bin/../lib/gcc/arm-none-eabi/5.4.1/../../../../arm-none-eabi/lib/armv7-m\libcr_c.a(memset.o)
                0x00004146                memset
 .text._deferredlazyseek
                0x0000414a       0x44 c:/nxp/lpcxpresso_8.2.2_650/lpcxpresso/tools/bin/../lib/gcc/arm-none-eabi/5.4.1/../../../../arm-none-eabi/lib/armv7-m\libcr_c.a(_deferredlazyseek.o)
                0x0000414a                _deferredlazyseek
 .text.__flsbuf
                0x0000418e      0x140 c:/nxp/lpcxpresso_8.2.2_650/lpcxpresso/tools/bin/../lib/gcc/arm-none-eabi/5.4.1/../../../../arm-none-eabi/lib/armv7-m\libcr_c.a(_deferredlazyseek.o)
                0x0000418e                __flsbuf
 .text._fdopen  0x000042ce       0x6a c:/nxp/lpcxpresso_8.2.2_650/lpcxpresso/tools/bin/../lib/gcc/arm-none-eabi/5.4.1/../../../../arm-none-eabi/lib/armv7-m\libcr_c.a(_fdopen.o)
                0x000042ce                _fdopen
 .text._fflush  0x00004338       0x58 c:/nxp/lpcxpresso_8.2.2_650/lpcxpresso/tools/bin/../lib/gcc/arm-none-eabi/5.4.1/../../../../arm-none-eabi/lib/armv7-m\libcr_c.a(_fflush.o)
                0x00004338                _fflush
 .text._frexpl  0x00004390       0x5a c:/nxp/lpcxpresso_8.2.2_650/lpcxpresso/tools/bin/../lib/gcc/arm-none-eabi/5.4.1/../../../../arm-none-eabi/lib/armv7-m\libcr_c.a(_frexpl.o)
                0x00004390                _frexpl
 *fill*         0x000043ea        0x2 ff
 .text._ldexpl  0x000043ec       0x4c c:/nxp/lpcxpresso_8.2.2_650/lpcxpresso/tools/bin/../lib/gcc/arm-none-eabi/5.4.1/../../../../arm-none-eabi/lib/armv7-m\libcr_c.a(_ldexpl.o)
                0x000043ec                _ldexpl
 .text._Cwritebuf
                0x00004438       0x68 c:/nxp/lpcxpresso_8.2.2_650/lpcxpresso/tools/bin/../lib/gcc/arm-none-eabi/5.4.1/../../../../arm-none-eabi/lib/armv7-m\libcr_c.a(_writebuf.o)
                0x00004438                _Cwritebuf
 .text.malloc   0x000044a0       0xc8 c:/nxp/lpcxpresso_8.2.2_650/lpcxpresso/tools/bin/../lib/gcc/arm-none-eabi/5.4.1/../../../../arm-none-eabi/lib/armv7-m\libcr_c.a(alloc.o)
                0x000044a0                malloc
 .text.free     0x00004568       0x30 c:/nxp/lpcxpresso_8.2.2_650/lpcxpresso/tools/bin/../lib/gcc/arm-none-eabi/5.4.1/../../../../arm-none-eabi/lib/armv7-m\libcr_c.a(alloc.o)
                0x00004568                free
 .text._Csys_alloc
                0x00004598       0x20 c:/nxp/lpcxpresso_8.2.2_650/lpcxpresso/tools/bin/../lib/gcc/arm-none-eabi/5.4.1/../../../../arm-none-eabi/lib/armv7-m\libcr_c.a(alloc.o)
                0x00004598                _Csys_alloc
 .text.fclose   0x000045b8       0x6c c:/nxp/lpcxpresso_8.2.2_650/lpcxpresso/tools/bin/../lib/gcc/arm-none-eabi/5.4.1/../../../../arm-none-eabi/lib/armv7-m\libcr_c.a(fclose.o)
                0x000045b8                fclose
 .text.fflush   0x00004624       0x30 c:/nxp/lpcxpresso_8.2.2_650/lpcxpresso/tools/bin/../lib/gcc/arm-none-eabi/5.4.1/../../../../arm-none-eabi/lib/armv7-m\libcr_c.a(fflush.o)
                0x00004624                fflush
 .text.fseek    0x00004654      0x110 c:/nxp/lpcxpresso_8.2.2_650/lpcxpresso/tools/bin/../lib/gcc/arm-none-eabi/5.4.1/../../../../arm-none-eabi/lib/armv7-m\libcr_c.a(fseek.o)
                0x00004654                fseek
 .text.ftell    0x00004764       0x4c c:/nxp/lpcxpresso_8.2.2_650/lpcxpresso/tools/bin/../lib/gcc/arm-none-eabi/5.4.1/../../../../arm-none-eabi/lib/armv7-m\libcr_c.a(ftell.o)
                0x00004764                ftell
 .text.remove   0x000047b0       0x14 c:/nxp/lpcxpresso_8.2.2_650/lpcxpresso/tools/bin/../lib/gcc/arm-none-eabi/5.4.1/../../../../arm-none-eabi/lib/armv7-m\libcr_c.a(remove.o)
                0x000047b0                remove
 .text._sbrk    0x000047c4       0x40 c:/nxp/lpcxpresso_8.2.2_650/lpcxpresso/tools/bin/../lib/gcc/arm-none-eabi/5.4.1/../../../../arm-none-eabi/lib/armv7-m\libcr_c.a(_cr_sbrk.o)
                0x000047c4                _sbrk
 .text._do_fflush
                0x00004804       0x44 c:/nxp/lpcxpresso_8.2.2_650/lpcxpresso/tools/bin/../lib/gcc/arm-none-eabi/5.4.1/../../../../arm-none-eabi/lib/armv7-m\libcr_c.a(_do_fflush.o)
                0x00004804                _do_fflush
 .text.__check_heap_overflow
                0x00004848       0x18 c:/nxp/lpcxpresso_8.2.2_650/lpcxpresso/tools/bin/../lib/gcc/arm-none-eabi/5.4.1/../../../../arm-none-eabi/lib/armv7-m\libcr_c.a(_cr_check_heap.o)
                0x00004848                __check_heap_overflow
 .text.__aeabi_dmul
                0x00004860      0x110 c:/nxp/lpcxpresso_8.2.2_650/lpcxpresso/tools/bin/../lib/gcc/arm-none-eabi/5.4.1/armv7-m\libcr_eabihelpers.a(double.o)
                0x00004860                __aeabi_dmul
 .text.__aeabi_ddiv
                0x00004970      0x138 c:/nxp/lpcxpresso_8.2.2_650/lpcxpresso/tools/bin/../lib/gcc/arm-none-eabi/5.4.1/armv7-m\libcr_eabihelpers.a(double.o)
                0x00004970                __aeabi_ddiv
 .text.__aeabi_dsub
                0x00004aa8      0x1a0 c:/nxp/lpcxpresso_8.2.2_650/lpcxpresso/tools/bin/../lib/gcc/arm-none-eabi/5.4.1/armv7-m\libcr_eabihelpers.a(double.o)
                0x00004aa8                __aeabi_dsub
 .text.__aeabi_dadd
                0x00004c48      0x10c c:/nxp/lpcxpresso_8.2.2_650/lpcxpresso/tools/bin/../lib/gcc/arm-none-eabi/5.4.1/armv7-m\libcr_eabihelpers.a(double.o)
                0x00004c48                __aeabi_dadd
 .text.__aeabi_d2f
                0x00004d54       0x54 c:/nxp/lpcxpresso_8.2.2_650/lpcxpresso/tools/bin/../lib/gcc/arm-none-eabi/5.4.1/armv7-m\libcr_eabihelpers.a(double.o)
                0x00004d54                __aeabi_d2f
 .text.__aeabi_d2iz
                0x00004da8       0x40 c:/nxp/lpcxpresso_8.2.2_650/lpcxpresso/tools/bin/../lib/gcc/arm-none-eabi/5.4.1/armv7-m\libcr_eabihelpers.a(double.o)
                0x00004da8                __aeabi_d2iz
 .text.__bhs_ui2d
                0x00004de8       0x46 c:/nxp/lpcxpresso_8.2.2_650/lpcxpresso/tools/bin/../lib/gcc/arm-none-eabi/5.4.1/armv7-m\libcr_eabihelpers.a(double.o)
                0x00004de8                __bhs_ui2d
 .text.__aeabi_i2d
                0x00004e2e       0x10 c:/nxp/lpcxpresso_8.2.2_650/lpcxpresso/tools/bin/../lib/gcc/arm-none-eabi/5.4.1/armv7-m\libcr_eabihelpers.a(double.o)
                0x00004e2e                __aeabi_i2d
 .text.__aeabi_dcmpeq
                0x00004e3e       0x2c c:/nxp/lpcxpresso_8.2.2_650/lpcxpresso/tools/bin/../lib/gcc/arm-none-eabi/5.4.1/armv7-m\libcr_eabihelpers.a(double.o)
                0x00004e3e                __aeabi_dcmpeq
 .text.__aeabi_dcmplt
                0x00004e6a       0x54 c:/nxp/lpcxpresso_8.2.2_650/lpcxpresso/tools/bin/../lib/gcc/arm-none-eabi/5.4.1/armv7-m\libcr_eabihelpers.a(double.o)
                0x00004e6a                __aeabi_dcmplt
 .text.__aeabi_dcmple
                0x00004ebe       0x54 c:/nxp/lpcxpresso_8.2.2_650/lpcxpresso/tools/bin/../lib/gcc/arm-none-eabi/5.4.1/armv7-m\libcr_eabihelpers.a(double.o)
                0x00004ebe                __aeabi_dcmple
 .text.__aeabi_dcmpge
                0x00004f12       0x54 c:/nxp/lpcxpresso_8.2.2_650/lpcxpresso/tools/bin/../lib/gcc/arm-none-eabi/5.4.1/armv7-m\libcr_eabihelpers.a(double.o)
                0x00004f12                __aeabi_dcmpge
 *fill*         0x00004f66        0x2 ff
 .text.__aeabi_f2d
                0x00004f68       0x38 c:/nxp/lpcxpresso_8.2.2_650/lpcxpresso/tools/bin/../lib/gcc/arm-none-eabi/5.4.1/armv7-m\libcr_eabihelpers.a(float.o)
                0x00004f68                __aeabi_f2d
 .text.__aeabi_fcmpgt
                0x00004fa0       0x3a c:/nxp/lpcxpresso_8.2.2_650/lpcxpresso/tools/bin/../lib/gcc/arm-none-eabi/5.4.1/armv7-m\libcr_eabihelpers.a(float.o)
                0x00004fa0                __aeabi_fcmpgt
 .text.__aeabi_memset_lowlevel
                0x00004fda       0x32 c:/nxp/lpcxpresso_8.2.2_650/lpcxpresso/tools/bin/../lib/gcc/arm-none-eabi/5.4.1/armv7-m\libcr_eabihelpers.a(memcpy.o)
                0x00004fda                __aeabi_lowlevel_memset
 .text.__sys_appexit
                0x0000500c        0xc c:/nxp/lpcxpresso_8.2.2_650/lpcxpresso/tools/bin/../lib/gcc/arm-none-eabi/5.4.1/../../../../arm-none-eabi/lib/armv7-m\libcr_semihost.a(__sys_appexit.o)
                0x0000500c                __sys_appexit
                0x0000500c                __exit
 .text.__sys_close
                0x00005018        0xc c:/nxp/lpcxpresso_8.2.2_650/lpcxpresso/tools/bin/../lib/gcc/arm-none-eabi/5.4.1/../../../../arm-none-eabi/lib/armv7-m\libcr_semihost.a(__sys_close.o)
                0x00005018                __sys_close
 .text.__sys_flen
                0x00005024        0xc c:/nxp/lpcxpresso_8.2.2_650/lpcxpresso/tools/bin/../lib/gcc/arm-none-eabi/5.4.1/../../../../arm-none-eabi/lib/armv7-m\libcr_semihost.a(__sys_flen.o)
                0x00005024                __sys_flen
 .text.__sys_istty
                0x00005030        0xc c:/nxp/lpcxpresso_8.2.2_650/lpcxpresso/tools/bin/../lib/gcc/arm-none-eabi/5.4.1/../../../../arm-none-eabi/lib/armv7-m\libcr_semihost.a(__sys_istty.o)
                0x00005030                __sys_istty
 .text.__sys_remove
                0x0000503c        0xc c:/nxp/lpcxpresso_8.2.2_650/lpcxpresso/tools/bin/../lib/gcc/arm-none-eabi/5.4.1/../../../../arm-none-eabi/lib/armv7-m\libcr_semihost.a(__sys_remove.o)
                0x0000503c                __sys_remove
 .text.__sys_seek
                0x00005048        0xc c:/nxp/lpcxpresso_8.2.2_650/lpcxpresso/tools/bin/../lib/gcc/arm-none-eabi/5.4.1/../../../../arm-none-eabi/lib/armv7-m\libcr_semihost.a(__sys_seek.o)
                0x00005048                __sys_seek
 .text.__sys_time
                0x00005054        0x6 c:/nxp/lpcxpresso_8.2.2_650/lpcxpresso/tools/bin/../lib/gcc/arm-none-eabi/5.4.1/../../../../arm-none-eabi/lib/armv7-m\libcr_semihost.a(__sys_time.o)
                0x00005054                __sys_time
 .text.__sys_tmpnam
                0x0000505a        0xc c:/nxp/lpcxpresso_8.2.2_650/lpcxpresso/tools/bin/../lib/gcc/arm-none-eabi/5.4.1/../../../../arm-none-eabi/lib/armv7-m\libcr_semihost.a(__sys_tmpnam.o)
                0x0000505a                __sys_tmpnam
 .text.__sys_write
                0x00005066        0xc c:/nxp/lpcxpresso_8.2.2_650/lpcxpresso/tools/bin/../lib/gcc/arm-none-eabi/5.4.1/../../../../arm-none-eabi/lib/armv7-m\libcr_semihost.a(__sys_write.o)
                0x00005066                __sys_write
                0x00005066                __write
 *(.rodata .rodata.* .constdata .constdata.*)
 *fill*         0x00005072        0x2 ff
 .rodata        0x00005074       0xa5 ./src/TP_FINAL_ED3.o
 *fill*         0x00005119        0x3 ff
 .rodata        0x0000511c       0x58 ./src/activacion.o
 .rodata        0x00005174      0x117 ./src/simon.o
 .rodata.str1.1
                0x0000528b       0x34 c:/nxp/lpcxpresso_8.2.2_650/lpcxpresso/tools/bin/../lib/gcc/arm-none-eabi/5.4.1/../../../../arm-none-eabi/lib/armv7-m\libcr_c.a(fpprintf.o)
                                 0x35 (size before relaxing)
 .rodata.str1.1
                0x000052bf        0x4 c:/nxp/lpcxpresso_8.2.2_650/lpcxpresso/tools/bin/../lib/gcc/arm-none-eabi/5.4.1/../../../../arm-none-eabi/lib/armv7-m\libcr_c.a(initio.o)
 .rodata.str1.1
                0x000052c3       0x31 c:/nxp/lpcxpresso_8.2.2_650/lpcxpresso/tools/bin/../lib/gcc/arm-none-eabi/5.4.1/../../../../arm-none-eabi/lib/armv7-m\libcr_c.a(printf.o)
                                 0x38 (size before relaxing)
 .rodata.str1.1
                0x000052f4       0x18 c:/nxp/lpcxpresso_8.2.2_650/lpcxpresso/tools/bin/../lib/gcc/arm-none-eabi/5.4.1/../../../../arm-none-eabi/lib/armv7-m\libcr_c.a(alloc.o)
 *fill*         0x0000530c        0x4 ff
 .rodata.__huge_vall
                0x00005310        0x8 c:/nxp/lpcxpresso_8.2.2_650/lpcxpresso/tools/bin/../lib/gcc/arm-none-eabi/5.4.1/../../../../arm-none-eabi/lib/armv7-m\libcr_c.a(_hugeval.o)
                0x00005310                __huge_vall
                0x00005318                . = ALIGN (0x4)

.glue_7         0x00005318        0x0
 .glue_7        0x00005318        0x0 linker stubs

.glue_7t        0x00005318        0x0
 .glue_7t       0x00005318        0x0 linker stubs

.vfp11_veneer   0x00005318        0x0
 .vfp11_veneer  0x00005318        0x0 linker stubs

.v4_bx          0x00005318        0x0
 .v4_bx         0x00005318        0x0 linker stubs

.iplt           0x00005318        0x0
 .iplt          0x00005318        0x0 ./src/TP_FINAL_ED3.o

.rel.dyn        0x00005318        0x0
 .rel.iplt      0x00005318        0x0 ./src/TP_FINAL_ED3.o

.ARM.extab
 *(.ARM.extab* .gnu.linkonce.armextab.*)
                0x00005318                __exidx_start = .

.ARM.exidx
 *(.ARM.exidx* .gnu.linkonce.armexidx.*)
                0x00005318                __exidx_end = .
                0x00005318                _etext = .

.data_RAM2      0x2007c000        0x0 load address 0x00005318
 FILL mask 0xff
                [!provide]                PROVIDE (__start_data_RAM2, .)
 *(.ramfunc.$RAM2)
 *(.ramfunc.$RamAHB32)
 *(.data.$RAM2*)
 *(.data.$RamAHB32*)
                0x2007c000                . = ALIGN (0x4)
                [!provide]                PROVIDE (__end_data_RAM2, .)

.uninit_RESERVED
                0x10000000        0x0
 *(.bss.$RESERVED*)
                0x10000000                . = ALIGN (0x4)
                0x10000000                _end_uninit_RESERVED = .

.data           0x10000000      0x108 load address 0x00005318
 FILL mask 0xff
                0x10000000                _data = .
 *(vtable)
 *(.ramfunc*)
 *(.data*)
 .data.SECUENCIA
                0x10000000        0x1 ./src/activacion.o
                0x10000000                SECUENCIA
 .data.CONEXION
                0x10000001        0x1 ./src/activacion.o
                0x10000001                CONEXION
 *fill*         0x10000002        0x2 ff
 .data.RELOAD   0x10000004       0x10 ./src/configuracion.o
                0x10000004                RELOAD
 .data.tiempos  0x10000014       0x10 ./src/simon.o
                0x10000014                tiempos
 .data._random_number_seed
                0x10000024       0xdc c:/nxp/lpcxpresso_8.2.2_650/lpcxpresso/tools/bin/../lib/gcc/arm-none-eabi/5.4.1/../../../../arm-none-eabi/lib/armv7-m\libcr_c.a(stdlib.o)
 .data._random_j
                0x10000100        0x4 c:/nxp/lpcxpresso_8.2.2_650/lpcxpresso/tools/bin/../lib/gcc/arm-none-eabi/5.4.1/../../../../arm-none-eabi/lib/armv7-m\libcr_c.a(stdlib.o)
 .data._random_k
                0x10000104        0x4 c:/nxp/lpcxpresso_8.2.2_650/lpcxpresso/tools/bin/../lib/gcc/arm-none-eabi/5.4.1/../../../../arm-none-eabi/lib/armv7-m\libcr_c.a(stdlib.o)
                0x10000108                . = ALIGN (0x4)
                0x10000108                _edata = .

.igot.plt       0x10000108        0x0 load address 0x00005420
 .igot.plt      0x10000108        0x0 ./src/TP_FINAL_ED3.o

.bss_RAM2       0x2007c000        0x0
                [!provide]                PROVIDE (__start_bss_RAM2, .)
 *(.bss.$RAM2*)
 *(.bss.$RamAHB32*)
                0x2007c000                . = ALIGN ((. != 0x0)?0x4:0x1)
                [!provide]                PROVIDE (__end_bss_RAM2, .)

.bss            0x10000108      0x23c
                0x10000108                _bss = .
 *(.bss*)
 .bss.SEL_MODE  0x10000108        0x1 ./src/activacion.o
                0x10000108                SEL_MODE
 .bss.PULSADOR  0x10000109        0x1 ./src/activacion.o
                0x10000109                PULSADOR
 .bss.ENABLE    0x1000010a        0x1 ./src/activacion.o
                0x1000010a                ENABLE
 .bss.START_COM
                0x1000010b        0x1 ./src/activacion.o
                0x1000010b                START_COM
 .bss.RCV_TONO  0x1000010c        0x1 ./src/activacion.o
                0x1000010c                RCV_TONO
 .bss.GAME_ON   0x1000010d        0x1 ./src/activacion.o
                0x1000010d                GAME_ON
 .bss.byte_to_send
                0x1000010e        0x1 ./src/activacion.o
                0x1000010e                byte_to_send
 .bss.read_byte
                0x1000010f        0x1 ./src/activacion.o
                0x1000010f                read_byte
 .bss.index.5521
                0x10000110        0x4 ./src/activacion.o
 .bss.Samples.5520
                0x10000114       0xc8 ./src/activacion.o
 .bss.LastDebounceResult.5522
                0x100001dc        0x4 ./src/activacion.o
 .bss.LCD_RS    0x100001e0        0x1 ./src/lcd.o
                0x100001e0                LCD_RS
 .bss.LCD_RW    0x100001e1        0x1 ./src/lcd.o
                0x100001e1                LCD_RW
 .bss.LCD_EN    0x100001e2        0x1 ./src/lcd.o
                0x100001e2                LCD_EN
 .bss.LCD_D4    0x100001e3        0x1 ./src/lcd.o
                0x100001e3                LCD_D4
 .bss.LCD_D5    0x100001e4        0x1 ./src/lcd.o
                0x100001e4                LCD_D5
 .bss.LCD_D6    0x100001e5        0x1 ./src/lcd.o
                0x100001e5                LCD_D6
 .bss.LCD_D7    0x100001e6        0x1 ./src/lcd.o
                0x100001e6                LCD_D7
 *fill*         0x100001e7        0x1 
 .bss.buffer    0x100001e8        0xa ./src/simon.o
                0x100001e8                buffer
 *fill*         0x100001f2        0x2 
 .bss._extra    0x100001f4        0x4 c:/nxp/lpcxpresso_8.2.2_650/lpcxpresso/tools/bin/../lib/gcc/arm-none-eabi/5.4.1/../../../../arm-none-eabi/lib/armv7-m\libcr_c.a(initio.o)
                0x100001f4                _extra
 .bss.__Ciob    0x100001f8      0x140 c:/nxp/lpcxpresso_8.2.2_650/lpcxpresso/tools/bin/../lib/gcc/arm-none-eabi/5.4.1/../../../../arm-none-eabi/lib/armv7-m\libcr_c.a(stdio.o)
                0x100001f8                __Ciob
 .bss.errno     0x10000338        0x4 c:/nxp/lpcxpresso_8.2.2_650/lpcxpresso/tools/bin/../lib/gcc/arm-none-eabi/5.4.1/../../../../arm-none-eabi/lib/armv7-m\libcr_c.a(errno.o)
                0x10000338                errno
 .bss.__heaps   0x1000033c        0x4 c:/nxp/lpcxpresso_8.2.2_650/lpcxpresso/tools/bin/../lib/gcc/arm-none-eabi/5.4.1/../../../../arm-none-eabi/lib/armv7-m\libcr_c.a(__init_alloc.o)
                0x1000033c                __heaps
 .bss.__end_of_heap
                0x10000340        0x4 c:/nxp/lpcxpresso_8.2.2_650/lpcxpresso/tools/bin/../lib/gcc/arm-none-eabi/5.4.1/../../../../arm-none-eabi/lib/armv7-m\libcr_c.a(__init_alloc.o)
                0x10000340                __end_of_heap
 *(COMMON)
                0x10000344                . = ALIGN (0x4)
                0x10000344                _ebss = .
                [!provide]                PROVIDE (end, .)

.noinit_RAM2    0x2007c000        0x0
 *(.noinit.$RAM2*)
 *(.noinit.$RamAHB32*)
                0x2007c000                . = ALIGN (0x4)

.noinit         0x10000344        0x0
                0x10000344                _noinit = .
 *(.noinit*)
                0x10000344                . = ALIGN (0x4)
                0x10000344                _end_noinit = .
                0x10000344                PROVIDE (_pvHeapStart, DEFINED (__user_heap_base)?__user_heap_base:.)
                0x10008000                PROVIDE (_vStackTop, DEFINED (__user_stack_top)?__user_stack_top:(__top_RamLoc32 - 0x0))
                0xefff74b2                PROVIDE (__valid_user_code_checksum, (0x0 - ((((((_vStackTop + (ResetISR + 0x1)) + (NMI_Handler + 0x1)) + (HardFault_Handler + 0x1)) + (DEFINED (MemManage_Handler)?MemManage_Handler:0x0 + 0x1)) + (DEFINED (BusFault_Handler)?BusFault_Handler:0x0 + 0x1)) + (DEFINED (UsageFault_Handler)?UsageFault_Handler:0x0 + 0x1))))
OUTPUT(TP_FINAL.axf elf32-littlearm)

.debug_info     0x00000000     0x3b31
 .debug_info    0x00000000      0x32d ./src/TP_FINAL_ED3.o
 .debug_info    0x0000032d     0x100b ./src/activacion.o
 .debug_info    0x00001338      0xe11 ./src/configuracion.o
 .debug_info    0x00002149      0x253 ./src/cr_startup_lpc175x_6x.o
 .debug_info    0x0000239c      0x5f1 ./src/lcd.o
 .debug_info    0x0000298d      0x4e6 ./src/leds.o
 .debug_info    0x00002e73      0x9a6 ./src/simon.o
 .debug_info    0x00003819      0x318 C:\nxp\workspace_cmsis\CMSISv2p00_LPC17xx\Debug\libCMSISv2p00_LPC17xx.a(system_LPC17xx.o)

.debug_abbrev   0x00000000      0xbd7
 .debug_abbrev  0x00000000       0xd0 ./src/TP_FINAL_ED3.o
 .debug_abbrev  0x000000d0      0x292 ./src/activacion.o
 .debug_abbrev  0x00000362      0x22a ./src/configuracion.o
 .debug_abbrev  0x0000058c       0xf5 ./src/cr_startup_lpc175x_6x.o
 .debug_abbrev  0x00000681      0x146 ./src/lcd.o
 .debug_abbrev  0x000007c7      0x103 ./src/leds.o
 .debug_abbrev  0x000008ca      0x227 ./src/simon.o
 .debug_abbrev  0x00000af1       0xe6 C:\nxp\workspace_cmsis\CMSISv2p00_LPC17xx\Debug\libCMSISv2p00_LPC17xx.a(system_LPC17xx.o)

.debug_aranges  0x00000000      0x3a8
 .debug_aranges
                0x00000000       0x20 ./src/TP_FINAL_ED3.o
 .debug_aranges
                0x00000020      0x110 ./src/activacion.o
 .debug_aranges
                0x00000130       0x70 ./src/configuracion.o
 .debug_aranges
                0x000001a0       0x80 ./src/cr_startup_lpc175x_6x.o
 .debug_aranges
                0x00000220       0x60 ./src/lcd.o
 .debug_aranges
                0x00000280       0x80 ./src/leds.o
 .debug_aranges
                0x00000300       0x80 ./src/simon.o
 .debug_aranges
                0x00000380       0x28 C:\nxp\workspace_cmsis\CMSISv2p00_LPC17xx\Debug\libCMSISv2p00_LPC17xx.a(system_LPC17xx.o)

.debug_ranges   0x00000000      0x328
 .debug_ranges  0x00000000       0x10 ./src/TP_FINAL_ED3.o
 .debug_ranges  0x00000010      0x100 ./src/activacion.o
 .debug_ranges  0x00000110       0x60 ./src/configuracion.o
 .debug_ranges  0x00000170       0x70 ./src/cr_startup_lpc175x_6x.o
 .debug_ranges  0x000001e0       0x50 ./src/lcd.o
 .debug_ranges  0x00000230       0x70 ./src/leds.o
 .debug_ranges  0x000002a0       0x70 ./src/simon.o
 .debug_ranges  0x00000310       0x18 C:\nxp\workspace_cmsis\CMSISv2p00_LPC17xx\Debug\libCMSISv2p00_LPC17xx.a(system_LPC17xx.o)

.debug_macro    0x00000000     0x2c85
 .debug_macro   0x00000000       0xe1 ./src/TP_FINAL_ED3.o
 .debug_macro   0x000000e1      0x88c ./src/TP_FINAL_ED3.o
 .debug_macro   0x0000096d       0x1c ./src/TP_FINAL_ED3.o
 .debug_macro   0x00000989       0x2e ./src/TP_FINAL_ED3.o
 .debug_macro   0x000009b7       0x10 ./src/TP_FINAL_ED3.o
 .debug_macro   0x000009c7      0x12d ./src/TP_FINAL_ED3.o
 .debug_macro   0x00000af4      0x5b2 ./src/TP_FINAL_ED3.o
 .debug_macro   0x000010a6       0x18 ./src/TP_FINAL_ED3.o
 .debug_macro   0x000010be      0x7af ./src/TP_FINAL_ED3.o
 .debug_macro   0x0000186d      0x2c7 ./src/TP_FINAL_ED3.o
 .debug_macro   0x00001b34       0x82 ./src/TP_FINAL_ED3.o
 .debug_macro   0x00001bb6       0xa0 ./src/TP_FINAL_ED3.o
 .debug_macro   0x00001c56       0x6a ./src/TP_FINAL_ED3.o
 .debug_macro   0x00001cc0       0x22 ./src/TP_FINAL_ED3.o
 .debug_macro   0x00001ce2       0x28 ./src/TP_FINAL_ED3.o
 .debug_macro   0x00001d0a       0x70 ./src/TP_FINAL_ED3.o
 .debug_macro   0x00001d7a       0xeb ./src/activacion.o
 .debug_macro   0x00001e65       0x28 ./src/activacion.o
 .debug_macro   0x00001e8d       0x9a ./src/activacion.o
 .debug_macro   0x00001f27       0x7e ./src/configuracion.o
 .debug_macro   0x00001fa5       0x1d ./src/cr_startup_lpc175x_6x.o
 .debug_macro   0x00001fc2       0xa8 ./src/lcd.o
 .debug_macro   0x0000206a       0xc4 ./src/lcd.o
 .debug_macro   0x0000212e       0x95 ./src/leds.o
 .debug_macro   0x000021c3      0x101 ./src/simon.o
 .debug_macro   0x000022c4       0x10 ./src/simon.o
 .debug_macro   0x000022d4      0x12b C:\nxp\workspace_cmsis\CMSISv2p00_LPC17xx\Debug\libCMSISv2p00_LPC17xx.a(system_LPC17xx.o)
 .debug_macro   0x000023ff      0x886 C:\nxp\workspace_cmsis\CMSISv2p00_LPC17xx\Debug\libCMSISv2p00_LPC17xx.a(system_LPC17xx.o)

.debug_line     0x00000000     0x18f0
 .debug_line    0x00000000      0x266 ./src/TP_FINAL_ED3.o
 .debug_line    0x00000266      0x4eb ./src/activacion.o
 .debug_line    0x00000751      0x2b9 ./src/configuracion.o
 .debug_line    0x00000a0a       0xd5 ./src/cr_startup_lpc175x_6x.o
 .debug_line    0x00000adf      0x2b2 ./src/lcd.o
 .debug_line    0x00000d91      0x303 ./src/leds.o
 .debug_line    0x00001094      0x689 ./src/simon.o
 .debug_line    0x0000171d      0x1d3 C:\nxp\workspace_cmsis\CMSISv2p00_LPC17xx\Debug\libCMSISv2p00_LPC17xx.a(system_LPC17xx.o)

.debug_str      0x00000000     0x9d0b
 .debug_str     0x00000000     0x8770 ./src/TP_FINAL_ED3.o
                               0x8803 (size before relaxing)
 .debug_str     0x00008770      0x661 ./src/activacion.o
                               0x88ee (size before relaxing)
 .debug_str     0x00008dd1      0x1ba ./src/configuracion.o
                               0x84dc (size before relaxing)
 .debug_str     0x00008f8b      0x1b2 ./src/cr_startup_lpc175x_6x.o
                               0x269b (size before relaxing)
 .debug_str     0x0000913d      0x5ba ./src/lcd.o
                               0x87ac (size before relaxing)
 .debug_str     0x000096f7       0xcd ./src/leds.o
                               0x8036 (size before relaxing)
 .debug_str     0x000097c4      0x153 ./src/simon.o
                               0x8683 (size before relaxing)
 .debug_str     0x00009917      0x3f4 C:\nxp\workspace_cmsis\CMSISv2p00_LPC17xx\Debug\libCMSISv2p00_LPC17xx.a(system_LPC17xx.o)
                               0x812a (size before relaxing)

.comment        0x00000000       0xdc
 .comment       0x00000000       0x6e ./src/TP_FINAL_ED3.o
                                 0x6f (size before relaxing)
 .comment       0x0000006e       0x6f ./src/activacion.o
 .comment       0x0000006e       0x6f ./src/configuracion.o
 .comment       0x0000006e       0x6f ./src/cr_startup_lpc175x_6x.o
 .comment       0x0000006e       0x6f ./src/lcd.o
 .comment       0x0000006e       0x6f ./src/leds.o
 .comment       0x0000006e       0x6f ./src/simon.o
 .comment       0x0000006e       0x6f C:\nxp\workspace_cmsis\CMSISv2p00_LPC17xx\Debug\libCMSISv2p00_LPC17xx.a(system_LPC17xx.o)
 .comment       0x0000006e       0x6e c:/nxp/lpcxpresso_8.2.2_650/lpcxpresso/tools/bin/../lib/gcc/arm-none-eabi/5.4.1/../../../../arm-none-eabi/lib/armv7-m\libcr_semihost.a(_cr__main.o)
                                 0x6f (size before relaxing)
 .comment       0x000000dc       0x6f c:/nxp/lpcxpresso_8.2.2_650/lpcxpresso/tools/bin/../lib/gcc/arm-none-eabi/5.4.1/../../../../arm-none-eabi/lib/armv7-m\libcr_c.a(cr_time.o)
 .comment       0x000000dc       0x6f c:/nxp/lpcxpresso_8.2.2_650/lpcxpresso/tools/bin/../lib/gcc/arm-none-eabi/5.4.1/../../../../arm-none-eabi/lib/armv7-m\libcr_c.a(fpprintf.o)
 .comment       0x000000dc       0x6f c:/nxp/lpcxpresso_8.2.2_650/lpcxpresso/tools/bin/../lib/gcc/arm-none-eabi/5.4.1/../../../../arm-none-eabi/lib/armv7-m\libcr_c.a(initio.o)
 .comment       0x000000dc       0x6f c:/nxp/lpcxpresso_8.2.2_650/lpcxpresso/tools/bin/../lib/gcc/arm-none-eabi/5.4.1/../../../../arm-none-eabi/lib/armv7-m\libcr_c.a(printf.o)
 .comment       0x000000dc       0x6f c:/nxp/lpcxpresso_8.2.2_650/lpcxpresso/tools/bin/../lib/gcc/arm-none-eabi/5.4.1/../../../../arm-none-eabi/lib/armv7-m\libcr_c.a(setvbuf.o)
 .comment       0x000000dc       0x6f c:/nxp/lpcxpresso_8.2.2_650/lpcxpresso/tools/bin/../lib/gcc/arm-none-eabi/5.4.1/../../../../arm-none-eabi/lib/armv7-m\libcr_c.a(stdio.o)
 .comment       0x000000dc       0x6f c:/nxp/lpcxpresso_8.2.2_650/lpcxpresso/tools/bin/../lib/gcc/arm-none-eabi/5.4.1/../../../../arm-none-eabi/lib/armv7-m\libcr_c.a(stdlib.o)
 .comment       0x000000dc       0x6f c:/nxp/lpcxpresso_8.2.2_650/lpcxpresso/tools/bin/../lib/gcc/arm-none-eabi/5.4.1/../../../../arm-none-eabi/lib/armv7-m\libcr_c.a(strlen.o)
 .comment       0x000000dc       0x6f c:/nxp/lpcxpresso_8.2.2_650/lpcxpresso/tools/bin/../lib/gcc/arm-none-eabi/5.4.1/../../../../arm-none-eabi/lib/armv7-m\libcr_c.a(memset.o)
 .comment       0x000000dc       0x6f c:/nxp/lpcxpresso_8.2.2_650/lpcxpresso/tools/bin/../lib/gcc/arm-none-eabi/5.4.1/../../../../arm-none-eabi/lib/armv7-m\libcr_c.a(_deferredlazyseek.o)
 .comment       0x000000dc       0x6f c:/nxp/lpcxpresso_8.2.2_650/lpcxpresso/tools/bin/../lib/gcc/arm-none-eabi/5.4.1/../../../../arm-none-eabi/lib/armv7-m\libcr_c.a(_fdopen.o)
 .comment       0x000000dc       0x6f c:/nxp/lpcxpresso_8.2.2_650/lpcxpresso/tools/bin/../lib/gcc/arm-none-eabi/5.4.1/../../../../arm-none-eabi/lib/armv7-m\libcr_c.a(_fflush.o)
 .comment       0x000000dc       0x6f c:/nxp/lpcxpresso_8.2.2_650/lpcxpresso/tools/bin/../lib/gcc/arm-none-eabi/5.4.1/../../../../arm-none-eabi/lib/armv7-m\libcr_c.a(_frexpl.o)
 .comment       0x000000dc       0x6f c:/nxp/lpcxpresso_8.2.2_650/lpcxpresso/tools/bin/../lib/gcc/arm-none-eabi/5.4.1/../../../../arm-none-eabi/lib/armv7-m\libcr_c.a(_ldexpl.o)
 .comment       0x000000dc       0x6f c:/nxp/lpcxpresso_8.2.2_650/lpcxpresso/tools/bin/../lib/gcc/arm-none-eabi/5.4.1/../../../../arm-none-eabi/lib/armv7-m\libcr_c.a(_writebuf.o)
 .comment       0x000000dc       0x6f c:/nxp/lpcxpresso_8.2.2_650/lpcxpresso/tools/bin/../lib/gcc/arm-none-eabi/5.4.1/../../../../arm-none-eabi/lib/armv7-m\libcr_c.a(alloc.o)
 .comment       0x000000dc       0x6f c:/nxp/lpcxpresso_8.2.2_650/lpcxpresso/tools/bin/../lib/gcc/arm-none-eabi/5.4.1/../../../../arm-none-eabi/lib/armv7-m\libcr_c.a(errno.o)
 .comment       0x000000dc       0x6f c:/nxp/lpcxpresso_8.2.2_650/lpcxpresso/tools/bin/../lib/gcc/arm-none-eabi/5.4.1/../../../../arm-none-eabi/lib/armv7-m\libcr_c.a(fclose.o)
 .comment       0x000000dc       0x6f c:/nxp/lpcxpresso_8.2.2_650/lpcxpresso/tools/bin/../lib/gcc/arm-none-eabi/5.4.1/../../../../arm-none-eabi/lib/armv7-m\libcr_c.a(fflush.o)
 .comment       0x000000dc       0x6f c:/nxp/lpcxpresso_8.2.2_650/lpcxpresso/tools/bin/../lib/gcc/arm-none-eabi/5.4.1/../../../../arm-none-eabi/lib/armv7-m\libcr_c.a(fseek.o)
 .comment       0x000000dc       0x6f c:/nxp/lpcxpresso_8.2.2_650/lpcxpresso/tools/bin/../lib/gcc/arm-none-eabi/5.4.1/../../../../arm-none-eabi/lib/armv7-m\libcr_c.a(ftell.o)
 .comment       0x000000dc       0x6f c:/nxp/lpcxpresso_8.2.2_650/lpcxpresso/tools/bin/../lib/gcc/arm-none-eabi/5.4.1/../../../../arm-none-eabi/lib/armv7-m\libcr_c.a(remove.o)
 .comment       0x000000dc       0x6f c:/nxp/lpcxpresso_8.2.2_650/lpcxpresso/tools/bin/../lib/gcc/arm-none-eabi/5.4.1/../../../../arm-none-eabi/lib/armv7-m\libcr_c.a(__init_alloc.o)
 .comment       0x000000dc       0x6f c:/nxp/lpcxpresso_8.2.2_650/lpcxpresso/tools/bin/../lib/gcc/arm-none-eabi/5.4.1/../../../../arm-none-eabi/lib/armv7-m\libcr_c.a(_cr_sbrk.o)
 .comment       0x000000dc       0x6f c:/nxp/lpcxpresso_8.2.2_650/lpcxpresso/tools/bin/../lib/gcc/arm-none-eabi/5.4.1/../../../../arm-none-eabi/lib/armv7-m\libcr_c.a(_do_fflush.o)
 .comment       0x000000dc       0x6f c:/nxp/lpcxpresso_8.2.2_650/lpcxpresso/tools/bin/../lib/gcc/arm-none-eabi/5.4.1/../../../../arm-none-eabi/lib/armv7-m\libcr_c.a(_hugeval.o)
 .comment       0x000000dc       0x6f c:/nxp/lpcxpresso_8.2.2_650/lpcxpresso/tools/bin/../lib/gcc/arm-none-eabi/5.4.1/../../../../arm-none-eabi/lib/armv7-m\libcr_c.a(_cr_check_heap.o)
 .comment       0x000000dc       0x6f c:/nxp/lpcxpresso_8.2.2_650/lpcxpresso/tools/bin/../lib/gcc/arm-none-eabi/5.4.1/armv7-m\libcr_eabihelpers.a(double.o)
 .comment       0x000000dc       0x6f c:/nxp/lpcxpresso_8.2.2_650/lpcxpresso/tools/bin/../lib/gcc/arm-none-eabi/5.4.1/armv7-m\libcr_eabihelpers.a(float.o)

.ARM.attributes
                0x00000000       0x31
 .ARM.attributes
                0x00000000       0x33 ./src/TP_FINAL_ED3.o
 .ARM.attributes
                0x00000033       0x33 ./src/activacion.o
 .ARM.attributes
                0x00000066       0x33 ./src/configuracion.o
 .ARM.attributes
                0x00000099       0x33 ./src/cr_startup_lpc175x_6x.o
 .ARM.attributes
                0x000000cc       0x33 ./src/lcd.o
 .ARM.attributes
                0x000000ff       0x33 ./src/leds.o
 .ARM.attributes
                0x00000132       0x33 ./src/simon.o
 .ARM.attributes
                0x00000165       0x33 C:\nxp\workspace_cmsis\CMSISv2p00_LPC17xx\Debug\libCMSISv2p00_LPC17xx.a(system_LPC17xx.o)
 .ARM.attributes
                0x00000198       0x33 c:/nxp/lpcxpresso_8.2.2_650/lpcxpresso/tools/bin/../lib/gcc/arm-none-eabi/5.4.1/../../../../arm-none-eabi/lib/armv7-m\libcr_semihost.a(_cr__main.o)
 .ARM.attributes
                0x000001cb       0x33 c:/nxp/lpcxpresso_8.2.2_650/lpcxpresso/tools/bin/../lib/gcc/arm-none-eabi/5.4.1/../../../../arm-none-eabi/lib/armv7-m\libcr_c.a(cr_time.o)
 .ARM.attributes
                0x000001fe       0x33 c:/nxp/lpcxpresso_8.2.2_650/lpcxpresso/tools/bin/../lib/gcc/arm-none-eabi/5.4.1/../../../../arm-none-eabi/lib/armv7-m\libcr_c.a(fpprintf.o)
 .ARM.attributes
                0x00000231       0x33 c:/nxp/lpcxpresso_8.2.2_650/lpcxpresso/tools/bin/../lib/gcc/arm-none-eabi/5.4.1/../../../../arm-none-eabi/lib/armv7-m\libcr_c.a(initio.o)
 .ARM.attributes
                0x00000264       0x33 c:/nxp/lpcxpresso_8.2.2_650/lpcxpresso/tools/bin/../lib/gcc/arm-none-eabi/5.4.1/../../../../arm-none-eabi/lib/armv7-m\libcr_c.a(printf.o)
 .ARM.attributes
                0x00000297       0x33 c:/nxp/lpcxpresso_8.2.2_650/lpcxpresso/tools/bin/../lib/gcc/arm-none-eabi/5.4.1/../../../../arm-none-eabi/lib/armv7-m\libcr_c.a(setvbuf.o)
 .ARM.attributes
                0x000002ca       0x33 c:/nxp/lpcxpresso_8.2.2_650/lpcxpresso/tools/bin/../lib/gcc/arm-none-eabi/5.4.1/../../../../arm-none-eabi/lib/armv7-m\libcr_c.a(stdio.o)
 .ARM.attributes
                0x000002fd       0x33 c:/nxp/lpcxpresso_8.2.2_650/lpcxpresso/tools/bin/../lib/gcc/arm-none-eabi/5.4.1/../../../../arm-none-eabi/lib/armv7-m\libcr_c.a(stdlib.o)
 .ARM.attributes
                0x00000330       0x33 c:/nxp/lpcxpresso_8.2.2_650/lpcxpresso/tools/bin/../lib/gcc/arm-none-eabi/5.4.1/../../../../arm-none-eabi/lib/armv7-m\libcr_c.a(strlen.o)
 .ARM.attributes
                0x00000363       0x33 c:/nxp/lpcxpresso_8.2.2_650/lpcxpresso/tools/bin/../lib/gcc/arm-none-eabi/5.4.1/../../../../arm-none-eabi/lib/armv7-m\libcr_c.a(memset.o)
 .ARM.attributes
                0x00000396       0x33 c:/nxp/lpcxpresso_8.2.2_650/lpcxpresso/tools/bin/../lib/gcc/arm-none-eabi/5.4.1/../../../../arm-none-eabi/lib/armv7-m\libcr_c.a(_deferredlazyseek.o)
 .ARM.attributes
                0x000003c9       0x33 c:/nxp/lpcxpresso_8.2.2_650/lpcxpresso/tools/bin/../lib/gcc/arm-none-eabi/5.4.1/../../../../arm-none-eabi/lib/armv7-m\libcr_c.a(_fdopen.o)
 .ARM.attributes
                0x000003fc       0x33 c:/nxp/lpcxpresso_8.2.2_650/lpcxpresso/tools/bin/../lib/gcc/arm-none-eabi/5.4.1/../../../../arm-none-eabi/lib/armv7-m\libcr_c.a(_fflush.o)
 .ARM.attributes
                0x0000042f       0x33 c:/nxp/lpcxpresso_8.2.2_650/lpcxpresso/tools/bin/../lib/gcc/arm-none-eabi/5.4.1/../../../../arm-none-eabi/lib/armv7-m\libcr_c.a(_frexpl.o)
 .ARM.attributes
                0x00000462       0x33 c:/nxp/lpcxpresso_8.2.2_650/lpcxpresso/tools/bin/../lib/gcc/arm-none-eabi/5.4.1/../../../../arm-none-eabi/lib/armv7-m\libcr_c.a(_ldexpl.o)
 .ARM.attributes
                0x00000495       0x33 c:/nxp/lpcxpresso_8.2.2_650/lpcxpresso/tools/bin/../lib/gcc/arm-none-eabi/5.4.1/../../../../arm-none-eabi/lib/armv7-m\libcr_c.a(_writebuf.o)
 .ARM.attributes
                0x000004c8       0x33 c:/nxp/lpcxpresso_8.2.2_650/lpcxpresso/tools/bin/../lib/gcc/arm-none-eabi/5.4.1/../../../../arm-none-eabi/lib/armv7-m\libcr_c.a(alloc.o)
 .ARM.attributes
                0x000004fb       0x33 c:/nxp/lpcxpresso_8.2.2_650/lpcxpresso/tools/bin/../lib/gcc/arm-none-eabi/5.4.1/../../../../arm-none-eabi/lib/armv7-m\libcr_c.a(errno.o)
 .ARM.attributes
                0x0000052e       0x33 c:/nxp/lpcxpresso_8.2.2_650/lpcxpresso/tools/bin/../lib/gcc/arm-none-eabi/5.4.1/../../../../arm-none-eabi/lib/armv7-m\libcr_c.a(fclose.o)
 .ARM.attributes
                0x00000561       0x33 c:/nxp/lpcxpresso_8.2.2_650/lpcxpresso/tools/bin/../lib/gcc/arm-none-eabi/5.4.1/../../../../arm-none-eabi/lib/armv7-m\libcr_c.a(fflush.o)
 .ARM.attributes
                0x00000594       0x33 c:/nxp/lpcxpresso_8.2.2_650/lpcxpresso/tools/bin/../lib/gcc/arm-none-eabi/5.4.1/../../../../arm-none-eabi/lib/armv7-m\libcr_c.a(fseek.o)
 .ARM.attributes
                0x000005c7       0x33 c:/nxp/lpcxpresso_8.2.2_650/lpcxpresso/tools/bin/../lib/gcc/arm-none-eabi/5.4.1/../../../../arm-none-eabi/lib/armv7-m\libcr_c.a(ftell.o)
 .ARM.attributes
                0x000005fa       0x33 c:/nxp/lpcxpresso_8.2.2_650/lpcxpresso/tools/bin/../lib/gcc/arm-none-eabi/5.4.1/../../../../arm-none-eabi/lib/armv7-m\libcr_c.a(remove.o)
 .ARM.attributes
                0x0000062d       0x33 c:/nxp/lpcxpresso_8.2.2_650/lpcxpresso/tools/bin/../lib/gcc/arm-none-eabi/5.4.1/../../../../arm-none-eabi/lib/armv7-m\libcr_c.a(__init_alloc.o)
 .ARM.attributes
                0x00000660       0x33 c:/nxp/lpcxpresso_8.2.2_650/lpcxpresso/tools/bin/../lib/gcc/arm-none-eabi/5.4.1/../../../../arm-none-eabi/lib/armv7-m\libcr_c.a(_cr_sbrk.o)
 .ARM.attributes
                0x00000693       0x33 c:/nxp/lpcxpresso_8.2.2_650/lpcxpresso/tools/bin/../lib/gcc/arm-none-eabi/5.4.1/../../../../arm-none-eabi/lib/armv7-m\libcr_c.a(_do_fflush.o)
 .ARM.attributes
                0x000006c6       0x33 c:/nxp/lpcxpresso_8.2.2_650/lpcxpresso/tools/bin/../lib/gcc/arm-none-eabi/5.4.1/../../../../arm-none-eabi/lib/armv7-m\libcr_c.a(_hugeval.o)
 .ARM.attributes
                0x000006f9       0x33 c:/nxp/lpcxpresso_8.2.2_650/lpcxpresso/tools/bin/../lib/gcc/arm-none-eabi/5.4.1/../../../../arm-none-eabi/lib/armv7-m\libcr_c.a(_cr_check_heap.o)
 .ARM.attributes
                0x0000072c       0x33 c:/nxp/lpcxpresso_8.2.2_650/lpcxpresso/tools/bin/../lib/gcc/arm-none-eabi/5.4.1/armv7-m\libcr_eabihelpers.a(double.o)
 .ARM.attributes
                0x0000075f       0x33 c:/nxp/lpcxpresso_8.2.2_650/lpcxpresso/tools/bin/../lib/gcc/arm-none-eabi/5.4.1/armv7-m\libcr_eabihelpers.a(float.o)
 .ARM.attributes
                0x00000792       0x21 c:/nxp/lpcxpresso_8.2.2_650/lpcxpresso/tools/bin/../lib/gcc/arm-none-eabi/5.4.1/armv7-m\libcr_eabihelpers.a(memcpy.o)
 .ARM.attributes
                0x000007b3       0x21 c:/nxp/lpcxpresso_8.2.2_650/lpcxpresso/tools/bin/../lib/gcc/arm-none-eabi/5.4.1/../../../../arm-none-eabi/lib/armv7-m\libcr_semihost.a(__sys_appexit.o)
 .ARM.attributes
                0x000007d4       0x21 c:/nxp/lpcxpresso_8.2.2_650/lpcxpresso/tools/bin/../lib/gcc/arm-none-eabi/5.4.1/../../../../arm-none-eabi/lib/armv7-m\libcr_semihost.a(__sys_close.o)
 .ARM.attributes
                0x000007f5       0x21 c:/nxp/lpcxpresso_8.2.2_650/lpcxpresso/tools/bin/../lib/gcc/arm-none-eabi/5.4.1/../../../../arm-none-eabi/lib/armv7-m\libcr_semihost.a(__sys_flen.o)
 .ARM.attributes
                0x00000816       0x21 c:/nxp/lpcxpresso_8.2.2_650/lpcxpresso/tools/bin/../lib/gcc/arm-none-eabi/5.4.1/../../../../arm-none-eabi/lib/armv7-m\libcr_semihost.a(__sys_istty.o)
 .ARM.attributes
                0x00000837       0x21 c:/nxp/lpcxpresso_8.2.2_650/lpcxpresso/tools/bin/../lib/gcc/arm-none-eabi/5.4.1/../../../../arm-none-eabi/lib/armv7-m\libcr_semihost.a(__sys_remove.o)
 .ARM.attributes
                0x00000858       0x21 c:/nxp/lpcxpresso_8.2.2_650/lpcxpresso/tools/bin/../lib/gcc/arm-none-eabi/5.4.1/../../../../arm-none-eabi/lib/armv7-m\libcr_semihost.a(__sys_seek.o)
 .ARM.attributes
                0x00000879       0x21 c:/nxp/lpcxpresso_8.2.2_650/lpcxpresso/tools/bin/../lib/gcc/arm-none-eabi/5.4.1/../../../../arm-none-eabi/lib/armv7-m\libcr_semihost.a(__sys_time.o)
 .ARM.attributes
                0x0000089a       0x21 c:/nxp/lpcxpresso_8.2.2_650/lpcxpresso/tools/bin/../lib/gcc/arm-none-eabi/5.4.1/../../../../arm-none-eabi/lib/armv7-m\libcr_semihost.a(__sys_tmpnam.o)
 .ARM.attributes
                0x000008bb       0x21 c:/nxp/lpcxpresso_8.2.2_650/lpcxpresso/tools/bin/../lib/gcc/arm-none-eabi/5.4.1/../../../../arm-none-eabi/lib/armv7-m\libcr_semihost.a(__sys_write.o)

.debug_frame    0x00000000      0xcbc
 .debug_frame   0x00000000       0x30 ./src/TP_FINAL_ED3.o
 .debug_frame   0x00000030      0x438 ./src/activacion.o
 .debug_frame   0x00000468      0x188 ./src/configuracion.o
 .debug_frame   0x000005f0      0x170 ./src/cr_startup_lpc175x_6x.o
 .debug_frame   0x00000760      0x15c ./src/lcd.o
 .debug_frame   0x000008bc      0x1b8 ./src/leds.o
 .debug_frame   0x00000a74      0x20c ./src/simon.o
 .debug_frame   0x00000c80       0x3c C:\nxp\workspace_cmsis\CMSISv2p00_LPC17xx\Debug\libCMSISv2p00_LPC17xx.a(system_LPC17xx.o)
