Archive member included to satisfy reference by file (symbol)

C:\Users\Ezequiel\Documents\MCUXpressoIDE_10.2.1_795\workspace\CMSIS_CORE_LPC17xx\Debug\libCMSIS_CORE_LPC17xx.a(system_LPC17xx.o)
                              ./src/cr_startup_lpc175x_6x.o (SystemInit)
c:/nxp/mcuxpressoide_10.2.1_795/ide/tools/bin/../lib/gcc/arm-none-eabi/7.2.1/../../../../arm-none-eabi/lib/thumb/v7-m\libcr_semihost.a(_cr__main.o)
                              ./src/cr_startup_lpc175x_6x.o (__main)
c:/nxp/mcuxpressoide_10.2.1_795/ide/tools/bin/../lib/gcc/arm-none-eabi/7.2.1/../../../../arm-none-eabi/lib/thumb/v7-m\libcr_c.a(cr_time.o)
                              ./src/simon.o (time)
c:/nxp/mcuxpressoide_10.2.1_795/ide/tools/bin/../lib/gcc/arm-none-eabi/7.2.1/../../../../arm-none-eabi/lib/thumb/v7-m\libcr_c.a(fpprintf.o)
                              ./src/simon.o (sprintf)
c:/nxp/mcuxpressoide_10.2.1_795/ide/tools/bin/../lib/gcc/arm-none-eabi/7.2.1/../../../../arm-none-eabi/lib/thumb/v7-m\libcr_c.a(initio.o)
                              c:/nxp/mcuxpressoide_10.2.1_795/ide/tools/bin/../lib/gcc/arm-none-eabi/7.2.1/../../../../arm-none-eabi/lib/thumb/v7-m\libcr_semihost.a(_cr__main.o) (_initio)
c:/nxp/mcuxpressoide_10.2.1_795/ide/tools/bin/../lib/gcc/arm-none-eabi/7.2.1/../../../../arm-none-eabi/lib/thumb/v7-m\libcr_c.a(printf.o)
                              c:/nxp/mcuxpressoide_10.2.1_795/ide/tools/bin/../lib/gcc/arm-none-eabi/7.2.1/../../../../arm-none-eabi/lib/thumb/v7-m\libcr_c.a(fpprintf.o) (__vfprintf)
c:/nxp/mcuxpressoide_10.2.1_795/ide/tools/bin/../lib/gcc/arm-none-eabi/7.2.1/../../../../arm-none-eabi/lib/thumb/v7-m\libcr_c.a(setvbuf.o)
                              c:/nxp/mcuxpressoide_10.2.1_795/ide/tools/bin/../lib/gcc/arm-none-eabi/7.2.1/../../../../arm-none-eabi/lib/thumb/v7-m\libcr_c.a(initio.o) (setvbuf)
c:/nxp/mcuxpressoide_10.2.1_795/ide/tools/bin/../lib/gcc/arm-none-eabi/7.2.1/../../../../arm-none-eabi/lib/thumb/v7-m\libcr_c.a(stdlib.o)
                              ./src/simon.o (rand)
c:/nxp/mcuxpressoide_10.2.1_795/ide/tools/bin/../lib/gcc/arm-none-eabi/7.2.1/../../../../arm-none-eabi/lib/thumb/v7-m\libcr_c.a(strlen.o)
                              c:/nxp/mcuxpressoide_10.2.1_795/ide/tools/bin/../lib/gcc/arm-none-eabi/7.2.1/../../../../arm-none-eabi/lib/thumb/v7-m\libcr_c.a(printf.o) (strlen)
c:/nxp/mcuxpressoide_10.2.1_795/ide/tools/bin/../lib/gcc/arm-none-eabi/7.2.1/../../../../arm-none-eabi/lib/thumb/v7-m\libcr_c.a(memset.o)
                              c:/nxp/mcuxpressoide_10.2.1_795/ide/tools/bin/../lib/gcc/arm-none-eabi/7.2.1/../../../../arm-none-eabi/lib/thumb/v7-m\libcr_c.a(fpprintf.o) (memset)
c:/nxp/mcuxpressoide_10.2.1_795/ide/tools/bin/../lib/gcc/arm-none-eabi/7.2.1/../../../../arm-none-eabi/lib/thumb/v7-m\libcr_c.a(_deferredlazyseek.o)
                              c:/nxp/mcuxpressoide_10.2.1_795/ide/tools/bin/../lib/gcc/arm-none-eabi/7.2.1/../../../../arm-none-eabi/lib/thumb/v7-m\libcr_c.a(fpprintf.o) (__flsbuf)
c:/nxp/mcuxpressoide_10.2.1_795/ide/tools/bin/../lib/gcc/arm-none-eabi/7.2.1/../../../../arm-none-eabi/lib/thumb/v7-m\libcr_c.a(_fdopen.o)
                              c:/nxp/mcuxpressoide_10.2.1_795/ide/tools/bin/../lib/gcc/arm-none-eabi/7.2.1/../../../../arm-none-eabi/lib/thumb/v7-m\libcr_c.a(initio.o) (_fdopen)
c:/nxp/mcuxpressoide_10.2.1_795/ide/tools/bin/../lib/gcc/arm-none-eabi/7.2.1/../../../../arm-none-eabi/lib/thumb/v7-m\libcr_c.a(_fflush.o)
                              c:/nxp/mcuxpressoide_10.2.1_795/ide/tools/bin/../lib/gcc/arm-none-eabi/7.2.1/../../../../arm-none-eabi/lib/thumb/v7-m\libcr_c.a(_deferredlazyseek.o) (_fflush)
c:/nxp/mcuxpressoide_10.2.1_795/ide/tools/bin/../lib/gcc/arm-none-eabi/7.2.1/../../../../arm-none-eabi/lib/thumb/v7-m\libcr_c.a(_frexpl.o)
                              c:/nxp/mcuxpressoide_10.2.1_795/ide/tools/bin/../lib/gcc/arm-none-eabi/7.2.1/../../../../arm-none-eabi/lib/thumb/v7-m\libcr_c.a(fpprintf.o) (_frexpl)
c:/nxp/mcuxpressoide_10.2.1_795/ide/tools/bin/../lib/gcc/arm-none-eabi/7.2.1/../../../../arm-none-eabi/lib/thumb/v7-m\libcr_c.a(_ldexpl.o)
                              c:/nxp/mcuxpressoide_10.2.1_795/ide/tools/bin/../lib/gcc/arm-none-eabi/7.2.1/../../../../arm-none-eabi/lib/thumb/v7-m\libcr_c.a(fpprintf.o) (_ldexpl)
c:/nxp/mcuxpressoide_10.2.1_795/ide/tools/bin/../lib/gcc/arm-none-eabi/7.2.1/../../../../arm-none-eabi/lib/thumb/v7-m\libcr_c.a(_writebuf.o)
                              c:/nxp/mcuxpressoide_10.2.1_795/ide/tools/bin/../lib/gcc/arm-none-eabi/7.2.1/../../../../arm-none-eabi/lib/thumb/v7-m\libcr_c.a(_deferredlazyseek.o) (_Cwritebuf)
c:/nxp/mcuxpressoide_10.2.1_795/ide/tools/bin/../lib/gcc/arm-none-eabi/7.2.1/../../../../arm-none-eabi/lib/thumb/v7-m\libcr_c.a(alloc.o)
                              c:/nxp/mcuxpressoide_10.2.1_795/ide/tools/bin/../lib/gcc/arm-none-eabi/7.2.1/../../../../arm-none-eabi/lib/thumb/v7-m\libcr_c.a(fpprintf.o) (malloc)
[...]
Memory Configuration

Name             Origin             Length             Attributes
MFlash512        0x00000000         0x00080000         xr
RamLoc32         0x10000000         0x00008000         xrw
RamAHB32         0x2007c000         0x00008000         xrw
*default*        0x00000000         0xffffffff

Linker script and memory map

LOAD ./src/TP_FINAL_ED3.o
LOAD ./src/activacion.o
LOAD ./src/configuracion.o
LOAD ./src/cr_startup_lpc175x_6x.o
LOAD ./src/crp.o
LOAD ./src/lcd.o
LOAD ./src/leds.o
LOAD ./src/simon.o
LOAD C:\Users\Ezequiel\Documents\MCUXpressoIDE_10.2.1_795\workspace\CMSIS_CORE_LPC17xx\Debug\libCMSIS_CORE_LPC17xx.a
START GROUP
LOAD c:/nxp/mcuxpressoide_10.2.1_795/ide/tools/bin/../lib/gcc/arm-none-eabi/7.2.1/../../../../arm-none-eabi/lib/thumb/v7-m\libcr_semihost.a
LOAD c:/nxp/mcuxpressoide_10.2.1_795/ide/tools/bin/../lib/gcc/arm-none-eabi/7.2.1/../../../../arm-none-eabi/lib/thumb/v7-m\libcr_c.a
LOAD c:/nxp/mcuxpressoide_10.2.1_795/ide/tools/bin/../lib/gcc/arm-none-eabi/7.2.1/thumb/v7-m\libcr_eabihelpers.a
END GROUP
                0x00000000                __base_MFlash512 = 0x0
                0x00000000                __base_Flash = 0x0
                0x00080000                __top_MFlash512 = 0x80000
                0x00080000                __top_Flash = 0x80000
                0x10000000                __base_RamLoc32 = 0x10000000
                0x10000000                __base_RAM = 0x10000000
                0x10008000                __top_RamLoc32 = 0x10008000
                0x10008000                __top_RAM = 0x10008000
                0x2007c000                __base_RamAHB32 = 0x2007c000
                0x2007c000                __base_RAM2 = 0x2007c000
                0x20084000                __top_RamAHB32 = 0x20084000
                0x20084000                __top_RAM2 = 0x20084000

.text           0x00000000     0x507c
 FILL mask 0xff
                0x00000000                __vectors_start__ = ABSOLUTE (.)
 *(.isr_vector)
 .isr_vector    0x00000000       0xcc ./src/cr_startup_lpc175x_6x.o
                0x00000000                g_pfnVectors
                0x000000cc                . = ALIGN (0x4)
                0x000000cc                __section_table_start = .
                0x000000cc                __data_section_table = .
                0x000000cc        0x4 LONG 0x507c LOADADDR (.data)
                0x000000d0        0x4 LONG 0x10000000 ADDR (.data)
                0x000000d4        0x4 LONG 0x108 SIZEOF (.data)
                0x000000d8        0x4 LONG 0x507c LOADADDR (.data_RAM2)
                0x000000dc        0x4 LONG 0x2007c000 ADDR (.data_RAM2)
                0x000000e0        0x4 LONG 0x0 SIZEOF (.data_RAM2)
                0x000000e4                __data_section_table_end = .
                0x000000e4                __bss_section_table = .
                0x000000e4        0x4 LONG 0x10000108 ADDR (.bss)
                0x000000e8        0x4 LONG 0x2d8 SIZEOF (.bss)
                0x000000ec        0x4 LONG 0x2007c000 ADDR (.bss_RAM2)
                0x000000f0        0x4 LONG 0x0 SIZEOF (.bss_RAM2)
                0x000000f4                __bss_section_table_end = .
                0x000000f4                __section_table_end = .
 *(.after_vectors*)
 .after_vectors
                0x000000f4      0x12c ./src/cr_startup_lpc175x_6x.o
                0x000000f4                data_init
                0x00000136                bss_init
                0x0000016c                ResetISR
                0x000001e4                NMI_Handler
                0x000001ea                HardFault_Handler
                0x000001f0                MemManage_Handler
                0x000001f6                BusFault_Handler
                0x000001fc                UsageFault_Handler
                0x00000202                SVC_Handler
                0x00000208                DebugMon_Handler
                0x0000020e                PendSV_Handler
                0x0000021a                CANActivity_IRQHandler
                0x0000021a                TIMER3_IRQHandler
                0x0000021a                USBActivity_IRQHandler
                0x0000021a                UART1_IRQHandler
                0x0000021a                IntDefaultHandler
                0x0000021a                PLL0_IRQHandler
                0x0000021a                I2C0_IRQHandler
                0x0000021a                PLL1_IRQHandler
                0x0000021a                SSP0_IRQHandler
                0x0000021a                I2C1_IRQHandler
                0x0000021a                I2C2_IRQHandler
                0x0000021a                RTC_IRQHandler
                0x0000021a                SPI_IRQHandler
                0x0000021a                RIT_IRQHandler
                0x0000021a                UART2_IRQHandler
                0x0000021a                ADC_IRQHandler
                0x0000021a                SSP1_IRQHandler
                0x0000021a                USB_IRQHandler
                0x0000021a                BOD_IRQHandler
                0x0000021a                PWM1_IRQHandler
                0x0000021a                WDT_IRQHandler
                0x0000021a                I2S_IRQHandler
                0x0000021a                QEI_IRQHandler
                0x0000021a                CAN_IRQHandler
                0x0000021a                DMA_IRQHandler
                0x0000021a                TIMER2_IRQHandler
                0x0000021a                UART3_IRQHandler
                0x0000021a                MCPWM_IRQHandler
                0x0000021a                ENET_IRQHandler
                0x000002fc                . = 0x2fc
 *fill*         0x00000220       0xdc ff
                0x000002fc                PROVIDE (__CRP_WORD_START__, .)
 *(.crp)
 .crp           0x000002fc        0x4 ./src/crp.o
                0x000002fc                CRP_WORD
                0x00000300                PROVIDE (__CRP_WORD_END__, .)
                0x00000001                ASSERT (! ((__CRP_WORD_START__ == __CRP_WORD_END__)), Linker CRP Enabled, but no CRP_WORD provided within application)
 *(.text*)
 .text.main     0x00000300      0x37c ./src/TP_FINAL_ED3.o
                0x00000300                main
 .text.NVIC_EnableIRQ
                0x0000067c       0x30 ./src/activacion.o
 .text.NVIC_DisableIRQ
                0x000006ac       0x34 ./src/activacion.o
 .text.EINT0_IRQHandler
                0x000006e0       0xb8 ./src/activacion.o
                0x000006e0                EINT0_IRQHandler
 .text.EINT1_IRQHandler
                0x00000798       0xb8 ./src/activacion.o
                0x00000798                EINT1_IRQHandler
 .text.EINT2_IRQHandler
                0x00000850       0xb8 ./src/activacion.o
                0x00000850                EINT2_IRQHandler
 .text.EINT3_IRQHandler
                0x00000908       0xb8 ./src/activacion.o
                0x00000908                EINT3_IRQHandler
 .text.TIMER0_IRQHandler
                0x000009c0       0xa0 ./src/activacion.o
                0x000009c0                TIMER0_IRQHandler
 .text.TIMER1_IRQHandler
                0x00000a60       0x58 ./src/activacion.o
                0x00000a60                TIMER1_IRQHandler
 .text.UART0_IRQHandler
                0x00000ab8       0x2c ./src/activacion.o
                0x00000ab8                UART0_IRQHandler
 .text.SysTick_Handler
                0x00000ae4       0x24 ./src/activacion.o
                0x00000ae4                SysTick_Handler
 .text.movimiento_Stick
                0x00000b08      0x110 ./src/activacion.o
                0x00000b08                movimiento_Stick
 .text.clear_SELMODE
                0x00000c18       0x18 ./src/activacion.o
                0x00000c18                clear_SELMODE
 .text.getPulsador
                0x00000c30       0x14 ./src/activacion.o
                0x00000c30                getPulsador
 .text.clearPulsador
                0x00000c44       0x18 ./src/activacion.o
                0x00000c44                clearPulsador
 .text.set_SELMODE
                0x00000c5c       0x20 ./src/activacion.o
                0x00000c5c                set_SELMODE
 .text.get_SELMODE
                0x00000c7c       0x14 ./src/activacion.o
                0x00000c7c                get_SELMODE
 .text.get_SECUENCIA
                0x00000c90       0x14 ./src/activacion.o
                0x00000c90                get_SECUENCIA
 .text.set_SECUENCIA
                0x00000ca4       0x20 ./src/activacion.o
                0x00000ca4                set_SECUENCIA
 .text.get_CONEXION
                0x00000cc4       0x14 ./src/activacion.o
                0x00000cc4                get_CONEXION
 .text.set_CONEXION
                0x00000cd8       0x20 ./src/activacion.o
                0x00000cd8                set_CONEXION
 .text.debounce
                0x00000cf8       0x8c ./src/activacion.o
                0x00000cf8                debounce
 .text.NVIC_EnableIRQ
                0x00000d84       0x30 ./src/configuracion.o
 .text.gpioConfig
                0x00000db4      0x124 ./src/configuracion.o
                0x00000db4                gpioConfig
 .text.timerConfig
                0x00000ed8       0xb4 ./src/configuracion.o
                0x00000ed8                timerConfig
 .text.eintConfig
                0x00000f8c       0x90 ./src/configuracion.o
                0x00000f8c                eintConfig
 .text.uartConfig
                0x0000101c       0x68 ./src/configuracion.o
                0x0000101c                uartConfig
 .text.adcConfig
                0x00001084       0x40 ./src/configuracion.o
                0x00001084                adcConfig
 .text.nvic_sysConfig
                0x000010c4       0xf4 ./src/configuracion.o
                0x000010c4                nvic_sysConfig
 .text.setTono  0x000011b8       0x2c ./src/configuracion.o
                0x000011b8                setTono
 .text.sysTick_OFF
                0x000011e4       0x1c ./src/configuracion.o
                0x000011e4                sysTick_OFF
 .text.setTiempo
                0x00001200       0x38 ./src/configuracion.o
                0x00001200                setTiempo
 .text.perifericos_Init
                0x00001238       0x28 ./src/configuracion.o
                0x00001238                perifericos_Init
 .text.Lcd_Init
                0x00001260       0xf4 ./src/lcd.o
                0x00001260                Lcd_Init
 .text.Lcd_CmdWrite
                0x00001354      0x118 ./src/lcd.o
                0x00001354                Lcd_CmdWrite
 .text.Lcd_DataWrite
                0x0000146c      0x114 ./src/lcd.o
                0x0000146c                Lcd_DataWrite
 .text.enviarNibble
                0x00001580       0xd4 ./src/lcd.o
                0x00001580                enviarNibble
 .text.Lcd_posCursor
                0x00001654       0x5c ./src/lcd.o
                0x00001654                Lcd_posCursor
 .text.Lcd_Send
                0x000016b0       0x3c ./src/lcd.o
                0x000016b0                Lcd_Send
 .text.Lcd_Clear
                0x000016ec        0xe ./src/lcd.o
                0x000016ec                Lcd_Clear
 .text.Lcd_Show
                0x000016fa       0x56 ./src/lcd.o
                0x000016fa                Lcd_Show
 .text.delay    0x00001750       0x26 ./src/lcd.o
                0x00001750                delay
 *fill*         0x00001776        0x2 ff
 .text.leds_Init
                0x00001778       0x1c ./src/leds.o
                0x00001778                leds_Init
 .text.led_verde_ON
                0x00001794       0x28 ./src/leds.o
                0x00001794                led_verde_ON
 .text.led_verde_OFF
                0x000017bc       0x1c ./src/leds.o
                0x000017bc                led_verde_OFF
 .text.led_amarillo_ON
                0x000017d8       0x28 ./src/leds.o
                0x000017d8                led_amarillo_ON
 .text.led_amarillo_OFF
                0x00001800       0x1c ./src/leds.o
                0x00001800                led_amarillo_OFF
 .text.led_rojo_ON
                0x0000181c       0x28 ./src/leds.o
                0x0000181c                led_rojo_ON
 .text.led_rojo_OFF
                0x00001844       0x1c ./src/leds.o
                0x00001844                led_rojo_OFF
 .text.led_azul_ON
                0x00001860       0x28 ./src/leds.o
                0x00001860                led_azul_ON
 .text.led_azul_OFF
                0x00001888       0x1c ./src/leds.o
                0x00001888                led_azul_OFF
 .text.leds_ON  0x000018a4       0x4e ./src/leds.o
                0x000018a4                leds_ON
 .text.leds_OFF
                0x000018f2       0x4e ./src/leds.o
                0x000018f2                leds_OFF
 .text.led_color_ON
                0x00001940       0x3a ./src/leds.o
                0x00001940                led_color_ON
 *fill*         0x0000197a        0x2 ff
 .text.NVIC_EnableIRQ
                0x0000197c       0x30 ./src/simon.o
 .text.NVIC_DisableIRQ
                0x000019ac       0x34 ./src/simon.o
 .text.NVIC_ClearPendingIRQ
                0x000019e0       0x34 ./src/simon.o
 .text.simon_Init
                0x00001a14      0x1b6 ./src/simon.o
                0x00001a14                simon_Init
 *fill*         0x00001bca        0x2 ff
 .text.simon_SUCCESS
                0x00001bcc       0xbc ./src/simon.o
                0x00001bcc                simon_SUCCESS
 .text.simon_FAIL
                0x00001c88       0x50 ./src/simon.o
                0x00001c88                simon_FAIL
 .text.modo_1   0x00001cd8      0x254 ./src/simon.o
                0x00001cd8                modo_1
 .text.modo_2   0x00001f2c      0x20c ./src/simon.o
                0x00001f2c                modo_2
 .text.modo_3   0x00002138      0x2f0 ./src/simon.o
                0x00002138                modo_3
 .text.modo_4   0x00002428      0x2c4 ./src/simon.o
                0x00002428                modo_4
 .text.retardo  0x000026ec       0x26 ./src/simon.o
                0x000026ec                retardo
 *fill*         0x00002712        0x2 ff
 .text.cambiar_Tiempo
                0x00002714       0x60 ./src/simon.o
                0x00002714                cambiar_Tiempo
 .text.SystemInit
                0x00002774       0xdc C:\Users\Ezequiel\Documents\MCUXpressoIDE_10.2.1_795\workspace\CMSIS_CORE_LPC17xx\Debug\libCMSIS_CORE_LPC17xx.a(system_LPC17xx.o)
                0x00002774                SystemInit
 .text.__main   0x00002850        0xe c:/nxp/mcuxpressoide_10.2.1_795/ide/tools/bin/../lib/gcc/arm-none-eabi/7.2.1/../../../../arm-none-eabi/lib/thumb/v7-m\libcr_semihost.a(_cr__main.o)
                0x00002850                __CR_SEMIHOST
                0x00002850                __main
 .text.time     0x0000285e        0xe c:/nxp/mcuxpressoide_10.2.1_795/ide/tools/bin/../lib/gcc/arm-none-eabi/7.2.1/../../../../arm-none-eabi/lib/thumb/v7-m\libcr_c.a(cr_time.o)
                0x0000285e                time
 .text.fp_round
                0x0000286c       0x4c c:/nxp/mcuxpressoide_10.2.1_795/ide/tools/bin/../lib/gcc/arm-none-eabi/7.2.1/../../../../arm-none-eabi/lib/thumb/v7-m\libcr_c.a(fpprintf.o)
 .text.pr_dec.constprop.1
                0x000028b8       0x26 c:/nxp/mcuxpressoide_10.2.1_795/ide/tools/bin/../lib/gcc/arm-none-eabi/7.2.1/../../../../arm-none-eabi/lib/thumb/v7-m\libcr_c.a(fpprintf.o)
 *fill*         0x000028de        0x2 ff
 .text.sprintf  0x000028e0       0x6c c:/nxp/mcuxpressoide_10.2.1_795/ide/tools/bin/../lib/gcc/arm-none-eabi/7.2.1/../../../../arm-none-eabi/lib/thumb/v7-m\libcr_c.a(fpprintf.o)
                0x000028e0                sprintf
 *fill*         0x0000294c        0x4 ff
 .text.fp_display
                0x00002950      0x96c c:/nxp/mcuxpressoide_10.2.1_795/ide/tools/bin/../lib/gcc/arm-none-eabi/7.2.1/../../../../arm-none-eabi/lib/thumb/v7-m\libcr_c.a(fpprintf.o)
 .text._initio  0x000032bc       0x78 c:/nxp/mcuxpressoide_10.2.1_795/ide/tools/bin/../lib/gcc/arm-none-eabi/7.2.1/../../../../arm-none-eabi/lib/thumb/v7-m\libcr_c.a(initio.o)
                0x000032bc                _initio
 .text.__vfprintf
                0x00003334      0xb98 c:/nxp/mcuxpressoide_10.2.1_795/ide/tools/bin/../lib/gcc/arm-none-eabi/7.2.1/../../../../arm-none-eabi/lib/thumb/v7-m\libcr_c.a(printf.o)
                0x00003334                __vfprintf
 .text.setvbuf  0x00003ecc       0x40 c:/nxp/mcuxpressoide_10.2.1_795/ide/tools/bin/../lib/gcc/arm-none-eabi/7.2.1/../../../../arm-none-eabi/lib/thumb/v7-m\libcr_c.a(setvbuf.o)
                0x00003ecc                setvbuf
 .text.rand     0x00003f0c       0x3c c:/nxp/mcuxpressoide_10.2.1_795/ide/tools/bin/../lib/gcc/arm-none-eabi/7.2.1/../../../../arm-none-eabi/lib/thumb/v7-m\libcr_c.a(stdlib.o)
                0x00003f0c                rand
 .text.srand    0x00003f48       0x40 c:/nxp/mcuxpressoide_10.2.1_795/ide/tools/bin/../lib/gcc/arm-none-eabi/7.2.1/../../../../arm-none-eabi/lib/thumb/v7-m\libcr_c.a(stdlib.o)
                0x00003f48                srand
 .text.strlen   0x00003f88       0x4a c:/nxp/mcuxpressoide_10.2.1_795/ide/tools/bin/../lib/gcc/arm-none-eabi/7.2.1/../../../../arm-none-eabi/lib/thumb/v7-m\libcr_c.a(strlen.o)
                0x00003f88                strlen
 .text.memset   0x00003fd2        0x4 c:/nxp/mcuxpressoide_10.2.1_795/ide/tools/bin/../lib/gcc/arm-none-eabi/7.2.1/../../../../arm-none-eabi/lib/thumb/v7-m\libcr_c.a(memset.o)
                0x00003fd2                memset
 .text._deferredlazyseek
                0x00003fd6       0x40 c:/nxp/mcuxpressoide_10.2.1_795/ide/tools/bin/../lib/gcc/arm-none-eabi/7.2.1/../../../../arm-none-eabi/lib/thumb/v7-m\libcr_c.a(_deferredlazyseek.o)
                0x00003fd6                _deferredlazyseek
 .text.__flsbuf
                0x00004016      0x140 c:/nxp/mcuxpressoide_10.2.1_795/ide/tools/bin/../lib/gcc/arm-none-eabi/7.2.1/../../../../arm-none-eabi/lib/thumb/v7-m\libcr_c.a(_deferredlazyseek.o)
                0x00004016                __flsbuf
 .text._fdopen  0x00004156       0x68 c:/nxp/mcuxpressoide_10.2.1_795/ide/tools/bin/../lib/gcc/arm-none-eabi/7.2.1/../../../../arm-none-eabi/lib/thumb/v7-m\libcr_c.a(_fdopen.o)
                0x00004156                _fdopen
 .text._fflush  0x000041be       0x52 c:/nxp/mcuxpressoide_10.2.1_795/ide/tools/bin/../lib/gcc/arm-none-eabi/7.2.1/../../../../arm-none-eabi/lib/thumb/v7-m\libcr_c.a(_fflush.o)
                0x000041be                _fflush
 .text._frexpl  0x00004210       0x56 c:/nxp/mcuxpressoide_10.2.1_795/ide/tools/bin/../lib/gcc/arm-none-eabi/7.2.1/../../../../arm-none-eabi/lib/thumb/v7-m\libcr_c.a(_frexpl.o)
                0x00004210                _frexpl
 *fill*         0x00004266        0x2 ff
 .text._ldexpl  0x00004268       0x4c c:/nxp/mcuxpressoide_10.2.1_795/ide/tools/bin/../lib/gcc/arm-none-eabi/7.2.1/../../../../arm-none-eabi/lib/thumb/v7-m\libcr_c.a(_ldexpl.o)
                0x00004268                _ldexpl
 .text._Cwritebuf
                0x000042b4       0x6c c:/nxp/mcuxpressoide_10.2.1_795/ide/tools/bin/../lib/gcc/arm-none-eabi/7.2.1/../../../../arm-none-eabi/lib/thumb/v7-m\libcr_c.a(_writebuf.o)
                0x000042b4                _Cwritebuf
 .text.malloc   0x00004320       0xc8 c:/nxp/mcuxpressoide_10.2.1_795/ide/tools/bin/../lib/gcc/arm-none-eabi/7.2.1/../../../../arm-none-eabi/lib/thumb/v7-m\libcr_c.a(alloc.o)
                0x00004320                malloc
 .text.free     0x000043e8       0x30 c:/nxp/mcuxpressoide_10.2.1_795/ide/tools/bin/../lib/gcc/arm-none-eabi/7.2.1/../../../../arm-none-eabi/lib/thumb/v7-m\libcr_c.a(alloc.o)
                0x000043e8                free
 .text._Csys_alloc
                0x00004418       0x20 c:/nxp/mcuxpressoide_10.2.1_795/ide/tools/bin/../lib/gcc/arm-none-eabi/7.2.1/../../../../arm-none-eabi/lib/thumb/v7-m\libcr_c.a(alloc.o)
                0x00004418                _Csys_alloc
 .text.fclose   0x00004438       0x58 c:/nxp/mcuxpressoide_10.2.1_795/ide/tools/bin/../lib/gcc/arm-none-eabi/7.2.1/../../../../arm-none-eabi/lib/thumb/v7-m\libcr_c.a(fclose.o)
                0x00004438                fclose
 .text.fflush   0x00004490       0x44 c:/nxp/mcuxpressoide_10.2.1_795/ide/tools/bin/../lib/gcc/arm-none-eabi/7.2.1/../../../../arm-none-eabi/lib/thumb/v7-m\libcr_c.a(fflush.o)
                0x00004490                fflush
 .text.fseek    0x000044d4      0x100 c:/nxp/mcuxpressoide_10.2.1_795/ide/tools/bin/../lib/gcc/arm-none-eabi/7.2.1/../../../../arm-none-eabi/lib/thumb/v7-m\libcr_c.a(fseek.o)
                0x000044d4                fseek
 .text.ftell    0x000045d4       0x44 c:/nxp/mcuxpressoide_10.2.1_795/ide/tools/bin/../lib/gcc/arm-none-eabi/7.2.1/../../../../arm-none-eabi/lib/thumb/v7-m\libcr_c.a(ftell.o)
                0x000045d4                ftell
 .text.remove   0x00004618       0x14 c:/nxp/mcuxpressoide_10.2.1_795/ide/tools/bin/../lib/gcc/arm-none-eabi/7.2.1/../../../../arm-none-eabi/lib/thumb/v7-m\libcr_c.a(remove.o)
                0x00004618                remove
 .text._sbrk    0x0000462c       0x3c c:/nxp/mcuxpressoide_10.2.1_795/ide/tools/bin/../lib/gcc/arm-none-eabi/7.2.1/../../../../arm-none-eabi/lib/thumb/v7-m\libcr_c.a(_cr_sbrk.o)
                0x0000462c                _sbrk
 .text._do_fflush
                0x00004668       0x40 c:/nxp/mcuxpressoide_10.2.1_795/ide/tools/bin/../lib/gcc/arm-none-eabi/7.2.1/../../../../arm-none-eabi/lib/thumb/v7-m\libcr_c.a(_do_fflush.o)
                0x00004668                _do_fflush
 .text.__check_heap_overflow
                0x000046a8       0x18 c:/nxp/mcuxpressoide_10.2.1_795/ide/tools/bin/../lib/gcc/arm-none-eabi/7.2.1/../../../../arm-none-eabi/lib/thumb/v7-m\libcr_c.a(_cr_check_heap.o)
                0x000046a8                __check_heap_overflow
 .text.__aeabi_dmul
                0x000046c0      0x10c c:/nxp/mcuxpressoide_10.2.1_795/ide/tools/bin/../lib/gcc/arm-none-eabi/7.2.1/thumb/v7-m\libcr_eabihelpers.a(double.o)
                0x000046c0                __aeabi_dmul
 .text.__aeabi_ddiv
                0x000047cc      0x130 c:/nxp/mcuxpressoide_10.2.1_795/ide/tools/bin/../lib/gcc/arm-none-eabi/7.2.1/thumb/v7-m\libcr_eabihelpers.a(double.o)
                0x000047cc                __aeabi_ddiv
 .text.__aeabi_dsub
                0x000048fc      0x1b0 c:/nxp/mcuxpressoide_10.2.1_795/ide/tools/bin/../lib/gcc/arm-none-eabi/7.2.1/thumb/v7-m\libcr_eabihelpers.a(double.o)
                0x000048fc                __aeabi_dsub
 .text.__aeabi_dadd
                0x00004aac      0x10c c:/nxp/mcuxpressoide_10.2.1_795/ide/tools/bin/../lib/gcc/arm-none-eabi/7.2.1/thumb/v7-m\libcr_eabihelpers.a(double.o)
                0x00004aac                __aeabi_dadd
 .text.__aeabi_d2f
                0x00004bb8       0x54 c:/nxp/mcuxpressoide_10.2.1_795/ide/tools/bin/../lib/gcc/arm-none-eabi/7.2.1/thumb/v7-m\libcr_eabihelpers.a(double.o)
                0x00004bb8                __aeabi_d2f
 .text.__aeabi_d2iz
                0x00004c0c       0x40 c:/nxp/mcuxpressoide_10.2.1_795/ide/tools/bin/../lib/gcc/arm-none-eabi/7.2.1/thumb/v7-m\libcr_eabihelpers.a(double.o)
                0x00004c0c                __aeabi_d2iz
 .text.__bhs_ui2d
                0x00004c4c       0x46 c:/nxp/mcuxpressoide_10.2.1_795/ide/tools/bin/../lib/gcc/arm-none-eabi/7.2.1/thumb/v7-m\libcr_eabihelpers.a(double.o)
                0x00004c4c                __bhs_ui2d
 .text.__aeabi_i2d
                0x00004c92       0x12 c:/nxp/mcuxpressoide_10.2.1_795/ide/tools/bin/../lib/gcc/arm-none-eabi/7.2.1/thumb/v7-m\libcr_eabihelpers.a(double.o)
                0x00004c92                __aeabi_i2d
 .text.__aeabi_dcmpeq
                0x00004ca4       0x2c c:/nxp/mcuxpressoide_10.2.1_795/ide/tools/bin/../lib/gcc/arm-none-eabi/7.2.1/thumb/v7-m\libcr_eabihelpers.a(double.o)
                0x00004ca4                __aeabi_dcmpeq
 .text.__aeabi_dcmplt
                0x00004cd0       0x54 c:/nxp/mcuxpressoide_10.2.1_795/ide/tools/bin/../lib/gcc/arm-none-eabi/7.2.1/thumb/v7-m\libcr_eabihelpers.a(double.o)
                0x00004cd0                __aeabi_dcmplt
 .text.__aeabi_dcmple
                0x00004d24       0x54 c:/nxp/mcuxpressoide_10.2.1_795/ide/tools/bin/../lib/gcc/arm-none-eabi/7.2.1/thumb/v7-m\libcr_eabihelpers.a(double.o)
                0x00004d24                __aeabi_dcmple
 .text.__aeabi_dcmpge
                0x00004d78       0x54 c:/nxp/mcuxpressoide_10.2.1_795/ide/tools/bin/../lib/gcc/arm-none-eabi/7.2.1/thumb/v7-m\libcr_eabihelpers.a(double.o)
                0x00004d78                __aeabi_dcmpge
 .text.__aeabi_f2d
                0x00004dcc       0x38 c:/nxp/mcuxpressoide_10.2.1_795/ide/tools/bin/../lib/gcc/arm-none-eabi/7.2.1/thumb/v7-m\libcr_eabihelpers.a(float.o)
                0x00004dcc                __aeabi_f2d
 .text.__aeabi_fcmpgt
                0x00004e04       0x3a c:/nxp/mcuxpressoide_10.2.1_795/ide/tools/bin/../lib/gcc/arm-none-eabi/7.2.1/thumb/v7-m\libcr_eabihelpers.a(float.o)
                0x00004e04                __aeabi_fcmpgt
 .text.__aeabi_memset_lowlevel
                0x00004e3e       0x32 c:/nxp/mcuxpressoide_10.2.1_795/ide/tools/bin/../lib/gcc/arm-none-eabi/7.2.1/thumb/v7-m\libcr_eabihelpers.a(memcpy.o)
                0x00004e3e                __aeabi_lowlevel_memset
 .text.__sys_appexit
                0x00004e70        0xc c:/nxp/mcuxpressoide_10.2.1_795/ide/tools/bin/../lib/gcc/arm-none-eabi/7.2.1/../../../../arm-none-eabi/lib/thumb/v7-m\libcr_semihost.a(__sys_appexit.o)
                0x00004e70                __sys_appexit
                0x00004e70                __exit
 .text.__sys_close
                0x00004e7c        0xc c:/nxp/mcuxpressoide_10.2.1_795/ide/tools/bin/../lib/gcc/arm-none-eabi/7.2.1/../../../../arm-none-eabi/lib/thumb/v7-m\libcr_semihost.a(__sys_close.o)
                0x00004e7c                __sys_close
 .text.__sys_flen
                0x00004e88        0xc c:/nxp/mcuxpressoide_10.2.1_795/ide/tools/bin/../lib/gcc/arm-none-eabi/7.2.1/../../../../arm-none-eabi/lib/thumb/v7-m\libcr_semihost.a(__sys_flen.o)
                0x00004e88                __sys_flen
 .text.__sys_istty
                0x00004e94        0xc c:/nxp/mcuxpressoide_10.2.1_795/ide/tools/bin/../lib/gcc/arm-none-eabi/7.2.1/../../../../arm-none-eabi/lib/thumb/v7-m\libcr_semihost.a(__sys_istty.o)
                0x00004e94                __sys_istty
 .text.__sys_remove
                0x00004ea0        0xc c:/nxp/mcuxpressoide_10.2.1_795/ide/tools/bin/../lib/gcc/arm-none-eabi/7.2.1/../../../../arm-none-eabi/lib/thumb/v7-m\libcr_semihost.a(__sys_remove.o)
                0x00004ea0                __sys_remove
 .text.__sys_seek
                0x00004eac        0xc c:/nxp/mcuxpressoide_10.2.1_795/ide/tools/bin/../lib/gcc/arm-none-eabi/7.2.1/../../../../arm-none-eabi/lib/thumb/v7-m\libcr_semihost.a(__sys_seek.o)
                0x00004eac                __sys_seek
 .text.__sys_time
                0x00004eb8        0x6 c:/nxp/mcuxpressoide_10.2.1_795/ide/tools/bin/../lib/gcc/arm-none-eabi/7.2.1/../../../../arm-none-eabi/lib/thumb/v7-m\libcr_semihost.a(__sys_time.o)
                0x00004eb8                __sys_time
 .text.__sys_tmpnam
                0x00004ebe        0xc c:/nxp/mcuxpressoide_10.2.1_795/ide/tools/bin/../lib/gcc/arm-none-eabi/7.2.1/../../../../arm-none-eabi/lib/thumb/v7-m\libcr_semihost.a(__sys_tmpnam.o)
                0x00004ebe                __sys_tmpnam
 .text.__sys_write
                0x00004eca        0xc c:/nxp/mcuxpressoide_10.2.1_795/ide/tools/bin/../lib/gcc/arm-none-eabi/7.2.1/../../../../arm-none-eabi/lib/thumb/v7-m\libcr_semihost.a(__sys_write.o)
                0x00004eca                __sys_write
 *(.rodata .rodata.* .constdata .constdata.*)
 *fill*         0x00004ed6        0x2 ff
 .rodata        0x00004ed8       0xc2 ./src/TP_FINAL_ED3.o
 *fill*         0x00004f9a        0x2 ff
 .rodata        0x00004f9c       0x4d ./src/simon.o
 .rodata.fp_display.str1.1
                0x00004fe9       0x34 c:/nxp/mcuxpressoide_10.2.1_795/ide/tools/bin/../lib/gcc/arm-none-eabi/7.2.1/../../../../arm-none-eabi/lib/thumb/v7-m\libcr_c.a(fpprintf.o)
                                 0x35 (size before relaxing)
 .rodata._initio.str1.1
                0x0000501d        0x4 c:/nxp/mcuxpressoide_10.2.1_795/ide/tools/bin/../lib/gcc/arm-none-eabi/7.2.1/../../../../arm-none-eabi/lib/thumb/v7-m\libcr_c.a(initio.o)
 .rodata.__vfprintf.str1.1
                0x00005021       0x31 c:/nxp/mcuxpressoide_10.2.1_795/ide/tools/bin/../lib/gcc/arm-none-eabi/7.2.1/../../../../arm-none-eabi/lib/thumb/v7-m\libcr_c.a(printf.o)
                                 0x38 (size before relaxing)
 .rodata._Csys_alloc.str1.1
                0x00005052       0x18 c:/nxp/mcuxpressoide_10.2.1_795/ide/tools/bin/../lib/gcc/arm-none-eabi/7.2.1/../../../../arm-none-eabi/lib/thumb/v7-m\libcr_c.a(alloc.o)
 *fill*         0x0000506a        0x6 ff
 .rodata.__huge_vall
                0x00005070        0x8 c:/nxp/mcuxpressoide_10.2.1_795/ide/tools/bin/../lib/gcc/arm-none-eabi/7.2.1/../../../../arm-none-eabi/lib/thumb/v7-m\libcr_c.a(_hugeval.o)
                0x00005070                __huge_vall
 .rodata.__num_Ciob_streams
                0x00005078        0x4 c:/nxp/mcuxpressoide_10.2.1_795/ide/tools/bin/../lib/gcc/arm-none-eabi/7.2.1/../../../../arm-none-eabi/lib/thumb/v7-m\libcr_semihost.a(__ciob.o)
                0x00005078                __num_Ciob_streams
                0x0000507c                . = ALIGN (0x4)

.glue_7         0x0000507c        0x0
 .glue_7        0x0000507c        0x0 linker stubs

.glue_7t        0x0000507c        0x0
 .glue_7t       0x0000507c        0x0 linker stubs

.vfp11_veneer   0x0000507c        0x0
 .vfp11_veneer  0x0000507c        0x0 linker stubs

.v4_bx          0x0000507c        0x0
 .v4_bx         0x0000507c        0x0 linker stubs

.iplt           0x0000507c        0x0
 .iplt          0x0000507c        0x0 ./src/TP_FINAL_ED3.o

.rel.dyn        0x0000507c        0x0
 .rel.iplt      0x0000507c        0x0 ./src/TP_FINAL_ED3.o

.ARM.extab
 *(.ARM.extab* .gnu.linkonce.armextab.*)
                0x0000507c                __exidx_start = .

.ARM.exidx
 *(.ARM.exidx* .gnu.linkonce.armexidx.*)
                0x0000507c                __exidx_end = .
                0x0000507c                _etext = .

.data_RAM2      0x2007c000        0x0 load address 0x0000507c
 FILL mask 0xff
                [!provide]                PROVIDE (__start_data_RAM2, .)
 *(.ramfunc.$RAM2)
 *(.ramfunc.$RamAHB32)
 *(.data.$RAM2*)
 *(.data.$RamAHB32*)
                0x2007c000                . = ALIGN (0x4)
                [!provide]                PROVIDE (__end_data_RAM2, .)

.uninit_RESERVED
                0x10000000        0x0
 *(.bss.$RESERVED*)
                0x10000000                . = ALIGN (0x4)
                0x10000000                _end_uninit_RESERVED = .

.data           0x10000000      0x108 load address 0x0000507c
 FILL mask 0xff
                0x10000000                _data = .
 *(vtable)
 *(.ramfunc*)
 *(.data*)
 .data.SECUENCIA
                0x10000000        0x1 ./src/activacion.o
                0x10000000                SECUENCIA
 .data.CONEXION
                0x10000001        0x1 ./src/activacion.o
                0x10000001                CONEXION
 *fill*         0x10000002        0x2 ff
 .data.RELOAD   0x10000004       0x10 ./src/configuracion.o
                0x10000004                RELOAD
 .data.tiempos  0x10000014       0x10 ./src/simon.o
                0x10000014                tiempos
 .data._random_j
                0x10000024        0x4 c:/nxp/mcuxpressoide_10.2.1_795/ide/tools/bin/../lib/gcc/arm-none-eabi/7.2.1/../../../../arm-none-eabi/lib/thumb/v7-m\libcr_c.a(stdlib.o)
 .data._random_k
                0x10000028        0x4 c:/nxp/mcuxpressoide_10.2.1_795/ide/tools/bin/../lib/gcc/arm-none-eabi/7.2.1/../../../../arm-none-eabi/lib/thumb/v7-m\libcr_c.a(stdlib.o)
 .data._random_number_seed
                0x1000002c       0xdc c:/nxp/mcuxpressoide_10.2.1_795/ide/tools/bin/../lib/gcc/arm-none-eabi/7.2.1/../../../../arm-none-eabi/lib/thumb/v7-m\libcr_c.a(stdlib.o)
                0x10000108                . = ALIGN (0x4)
                0x10000108                _edata = .

.igot.plt       0x10000108        0x0 load address 0x00005184
 .igot.plt      0x10000108        0x0 ./src/TP_FINAL_ED3.o

.bss_RAM2       0x2007c000        0x0
                [!provide]                PROVIDE (__start_bss_RAM2, .)
 *(.bss.$RAM2*)
 *(.bss.$RamAHB32*)
                0x2007c000                . = ALIGN ((. != 0x0)?0x4:0x1)
                [!provide]                PROVIDE (__end_bss_RAM2, .)

.bss            0x10000108      0x2d8
                0x10000108                _bss = .
 *(.bss*)
 .bss.SEL_MODE  0x10000108        0x1 ./src/activacion.o
                0x10000108                SEL_MODE
 .bss.PULSADOR  0x10000109        0x1 ./src/activacion.o
                0x10000109                PULSADOR
 *fill*         0x1000010a        0x2 
 .bss.buffer_recep
                0x1000010c        0x4 ./src/activacion.o
                0x1000010c                buffer_recep
 .bss.index.5460
                0x10000110        0x4 ./src/activacion.o
 .bss.Samples.5459
                0x10000114       0xc8 ./src/activacion.o
 .bss.LastDebounceResult.5461
                0x100001dc        0x4 ./src/activacion.o
 .bss.LCD_RS    0x100001e0        0x1 ./src/lcd.o
                0x100001e0                LCD_RS
 .bss.LCD_RW    0x100001e1        0x1 ./src/lcd.o
                0x100001e1                LCD_RW
 .bss.LCD_EN    0x100001e2        0x1 ./src/lcd.o
                0x100001e2                LCD_EN
 .bss.LCD_D4    0x100001e3        0x1 ./src/lcd.o
                0x100001e3                LCD_D4
 .bss.LCD_D5    0x100001e4        0x1 ./src/lcd.o
                0x100001e4                LCD_D5
 .bss.LCD_D6    0x100001e5        0x1 ./src/lcd.o
                0x100001e5                LCD_D6
 .bss.LCD_D7    0x100001e6        0x1 ./src/lcd.o
                0x100001e6                LCD_D7
 *fill*         0x100001e7        0x1 
 .bss.buffer    0x100001e8        0xa ./src/simon.o
                0x100001e8                buffer
 *fill*         0x100001f2        0x2 
 .bss.errno     0x100001f4        0x4 c:/nxp/mcuxpressoide_10.2.1_795/ide/tools/bin/../lib/gcc/arm-none-eabi/7.2.1/../../../../arm-none-eabi/lib/thumb/v7-m\libcr_c.a(errno.o)
                0x100001f4                errno
 .bss.__end_of_heap
                0x100001f8        0x4 c:/nxp/mcuxpressoide_10.2.1_795/ide/tools/bin/../lib/gcc/arm-none-eabi/7.2.1/../../../../arm-none-eabi/lib/thumb/v7-m\libcr_c.a(__init_alloc.o)
                0x100001f8                __end_of_heap
 .bss.__heaps   0x100001fc        0x4 c:/nxp/mcuxpressoide_10.2.1_795/ide/tools/bin/../lib/gcc/arm-none-eabi/7.2.1/../../../../arm-none-eabi/lib/thumb/v7-m\libcr_c.a(__init_alloc.o)
                0x100001fc                __heaps
 .bss.__Ciob    0x10000200      0x1e0 c:/nxp/mcuxpressoide_10.2.1_795/ide/tools/bin/../lib/gcc/arm-none-eabi/7.2.1/../../../../arm-none-eabi/lib/thumb/v7-m\libcr_semihost.a(__ciob.o)
                0x10000200                __Ciob
 *(COMMON)
                0x100003e0                . = ALIGN (0x4)
                0x100003e0                _ebss = .
                [!provide]                PROVIDE (end, .)

.noinit_RAM2    0x2007c000        0x0
 *(.noinit.$RAM2*)
 *(.noinit.$RamAHB32*)
                0x2007c000                . = ALIGN (0x4)

.noinit         0x100003e0        0x0
                0x100003e0                _noinit = .
 *(.noinit*)
                0x100003e0                . = ALIGN (0x4)
                0x100003e0                _end_noinit = .
                0x100003e0                PROVIDE (_pvHeapStart, DEFINED (__user_heap_base)?__user_heap_base:.)
                0x10008000                PROVIDE (_vStackTop, DEFINED (__user_stack_top)?__user_stack_top:(__top_RamLoc32 - 0x0))
                0xefff74de                PROVIDE (__valid_user_code_checksum, (0x0 - ((((((_vStackTop + (ResetISR + 0x1)) + (NMI_Handler + 0x1)) + (HardFault_Handler + 0x1)) + (DEFINED (MemManage_Handler)?MemManage_Handler:0x0 + 0x1)) + (DEFINED (BusFault_Handler)?BusFault_Handler:0x0 + 0x1)) + (DEFINED (UsageFault_Handler)?UsageFault_Handler:0x0 + 0x1))))
                0x00000000                _image_start = LOADADDR (.text)
                0x00005184                _image_end = (LOADADDR (.data) + SIZEOF (.data))
                0x00005184                _image_size = (_image_end - _image_start)
OUTPUT(TP_FINAL_ED3.axf elf32-littlearm)

.debug_info     0x00000000     0x4067
 .debug_info    0x00000000      0x45a ./src/TP_FINAL_ED3.o
 .debug_info    0x0000045a      0xfdd ./src/activacion.o
 .debug_info    0x00001437      0xe42 ./src/configuracion.o
 .debug_info    0x00002279      0x255 ./src/cr_startup_lpc175x_6x.o
 .debug_info    0x000024ce       0x3f ./src/crp.o
 .debug_info    0x0000250d      0x744 ./src/lcd.o
 .debug_info    0x00002c51      0x51f ./src/leds.o
 .debug_info    0x00003170      0xb63 ./src/simon.o
 .debug_info    0x00003cd3      0x394 C:\Users\Ezequiel\Documents\MCUXpressoIDE_10.2.1_795\workspace\CMSIS_CORE_LPC17xx\Debug\libCMSIS_CORE_LPC17xx.a(system_LPC17xx.o)

.debug_abbrev   0x00000000      0xe0a
 .debug_abbrev  0x00000000      0x103 ./src/TP_FINAL_ED3.o
 .debug_abbrev  0x00000103      0x2f2 ./src/activacion.o
 .debug_abbrev  0x000003f5      0x272 ./src/configuracion.o
 .debug_abbrev  0x00000667      0x114 ./src/cr_startup_lpc175x_6x.o
 .debug_abbrev  0x0000077b       0x36 ./src/crp.o
 .debug_abbrev  0x000007b1      0x191 ./src/lcd.o
 .debug_abbrev  0x00000942      0x129 ./src/leds.o
 .debug_abbrev  0x00000a6b      0x260 ./src/simon.o
 .debug_abbrev  0x00000ccb      0x13f C:\Users\Ezequiel\Documents\MCUXpressoIDE_10.2.1_795\workspace\CMSIS_CORE_LPC17xx\Debug\libCMSIS_CORE_LPC17xx.a(system_LPC17xx.o)

.debug_aranges  0x00000000      0x380
 .debug_aranges
                0x00000000       0x20 ./src/TP_FINAL_ED3.o
 .debug_aranges
                0x00000020       0xd0 ./src/activacion.o
 .debug_aranges
                0x000000f0       0x70 ./src/configuracion.o
 .debug_aranges
                0x00000160       0x80 ./src/cr_startup_lpc175x_6x.o
 .debug_aranges
                0x000001e0       0x18 ./src/crp.o
 .debug_aranges
                0x000001f8       0x60 ./src/lcd.o
 .debug_aranges
                0x00000258       0x80 ./src/leds.o
 .debug_aranges
                0x000002d8       0x78 ./src/simon.o
 .debug_aranges
                0x00000350       0x30 C:\Users\Ezequiel\Documents\MCUXpressoIDE_10.2.1_795\workspace\CMSIS_CORE_LPC17xx\Debug\libCMSIS_CORE_LPC17xx.a(system_LPC17xx.o)

.debug_ranges   0x00000000      0x2e8
 .debug_ranges  0x00000000       0x10 ./src/TP_FINAL_ED3.o
 .debug_ranges  0x00000010       0xc0 ./src/activacion.o
 .debug_ranges  0x000000d0       0x60 ./src/configuracion.o
 .debug_ranges  0x00000130       0x70 ./src/cr_startup_lpc175x_6x.o
 .debug_ranges  0x000001a0       0x50 ./src/lcd.o
 .debug_ranges  0x000001f0       0x70 ./src/leds.o
 .debug_ranges  0x00000260       0x68 ./src/simon.o
 .debug_ranges  0x000002c8       0x20 C:\Users\Ezequiel\Documents\MCUXpressoIDE_10.2.1_795\workspace\CMSIS_CORE_LPC17xx\Debug\libCMSIS_CORE_LPC17xx.a(system_LPC17xx.o)

.debug_macro    0x00000000     0x34e7
 .debug_macro   0x00000000       0xe4 ./src/TP_FINAL_ED3.o
 .debug_macro   0x000000e4      0xa6c ./src/TP_FINAL_ED3.o
 .debug_macro   0x00000b50       0x1c ./src/TP_FINAL_ED3.o
 .debug_macro   0x00000b6c       0x3a ./src/TP_FINAL_ED3.o
 .debug_macro   0x00000ba6       0x10 ./src/TP_FINAL_ED3.o
 .debug_macro   0x00000bb6      0x12d ./src/TP_FINAL_ED3.o
 .debug_macro   0x00000ce3      0x5b2 ./src/TP_FINAL_ED3.o
 .debug_macro   0x00001295       0x2d ./src/TP_FINAL_ED3.o
 .debug_macro   0x000012c2      0xbb1 ./src/TP_FINAL_ED3.o
 .debug_macro   0x00001e73      0x2c7 ./src/TP_FINAL_ED3.o
 .debug_macro   0x0000213a       0x82 ./src/TP_FINAL_ED3.o
 .debug_macro   0x000021bc       0xa0 ./src/TP_FINAL_ED3.o
 .debug_macro   0x0000225c       0x6a ./src/TP_FINAL_ED3.o
 .debug_macro   0x000022c6       0x22 ./src/TP_FINAL_ED3.o
 .debug_macro   0x000022e8       0x28 ./src/TP_FINAL_ED3.o
 .debug_macro   0x00002310       0x70 ./src/TP_FINAL_ED3.o
 .debug_macro   0x00002380       0xee ./src/activacion.o
 .debug_macro   0x0000246e       0x28 ./src/activacion.o
 .debug_macro   0x00002496       0x9a ./src/activacion.o
 .debug_macro   0x00002530       0x81 ./src/configuracion.o
 .debug_macro   0x000025b1       0x1d ./src/cr_startup_lpc175x_6x.o
 .debug_macro   0x000025ce       0x1a ./src/crp.o
 .debug_macro   0x000025e8       0x34 ./src/crp.o
 .debug_macro   0x0000261c       0xab ./src/lcd.o
 .debug_macro   0x000026c7       0xc4 ./src/lcd.o
 .debug_macro   0x0000278b       0x98 ./src/leds.o
 .debug_macro   0x00002823       0xff ./src/simon.o
 .debug_macro   0x00002922       0x10 ./src/simon.o
 .debug_macro   0x00002932      0x149 C:\Users\Ezequiel\Documents\MCUXpressoIDE_10.2.1_795\workspace\CMSIS_CORE_LPC17xx\Debug\libCMSIS_CORE_LPC17xx.a(system_LPC17xx.o)
 .debug_macro   0x00002a7b      0xa6c C:\Users\Ezequiel\Documents\MCUXpressoIDE_10.2.1_795\workspace\CMSIS_CORE_LPC17xx\Debug\libCMSIS_CORE_LPC17xx.a(system_LPC17xx.o)

.debug_line     0x00000000     0x19a0
 .debug_line    0x00000000      0x299 ./src/TP_FINAL_ED3.o
 .debug_line    0x00000299      0x441 ./src/activacion.o
 .debug_line    0x000006da      0x2dd ./src/configuracion.o
 .debug_line    0x000009b7       0xd3 ./src/cr_startup_lpc175x_6x.o
 .debug_line    0x00000a8a       0x75 ./src/crp.o
 .debug_line    0x00000aff      0x2d4 ./src/lcd.o
 .debug_line    0x00000dd3      0x325 ./src/leds.o
 .debug_line    0x000010f8      0x663 ./src/simon.o
 .debug_line    0x0000175b      0x245 C:\Users\Ezequiel\Documents\MCUXpressoIDE_10.2.1_795\workspace\CMSIS_CORE_LPC17xx\Debug\libCMSIS_CORE_LPC17xx.a(system_LPC17xx.o)

.debug_str      0x00000000     0xbe7f
 .debug_str     0x00000000     0xa844 ./src/TP_FINAL_ED3.o
                               0xa8d7 (size before relaxing)
 .debug_str     0x0000a844      0x5df ./src/activacion.o
                               0xa91d (size before relaxing)
 .debug_str     0x0000ae23      0x1ba ./src/configuracion.o
                               0xa519 (size before relaxing)
 .debug_str     0x0000afdd      0x1c6 ./src/cr_startup_lpc175x_6x.o
                               0x2eed (size before relaxing)
 .debug_str     0x0000b1a3       0xe9 ./src/crp.o
                               0x2dfa (size before relaxing)
 .debug_str     0x0000b28c      0x5ba ./src/lcd.o
                               0xa8a3 (size before relaxing)
 .debug_str     0x0000b846       0xcd ./src/leds.o
                               0xa073 (size before relaxing)
 .debug_str     0x0000b913      0x11e ./src/simon.o
                               0xa737 (size before relaxing)
 .debug_str     0x0000ba31      0x44e C:\Users\Ezequiel\Documents\MCUXpressoIDE_10.2.1_795\workspace\CMSIS_CORE_LPC17xx\Debug\libCMSIS_CORE_LPC17xx.a(system_LPC17xx.o)
                               0xa1c6 (size before relaxing)

.comment        0x00000000       0x7e
 .comment       0x00000000       0x7e ./src/TP_FINAL_ED3.o
                                 0x7f (size before relaxing)
 .comment       0x0000007e       0x7f ./src/activacion.o
 .comment       0x0000007e       0x7f ./src/configuracion.o
 .comment       0x0000007e       0x7f ./src/cr_startup_lpc175x_6x.o
 .comment       0x0000007e       0x7f ./src/crp.o
 .comment       0x0000007e       0x7f ./src/lcd.o
 .comment       0x0000007e       0x7f ./src/leds.o
 .comment       0x0000007e       0x7f ./src/simon.o
 .comment       0x0000007e       0x7f C:\Users\Ezequiel\Documents\MCUXpressoIDE_10.2.1_795\workspace\CMSIS_CORE_LPC17xx\Debug\libCMSIS_CORE_LPC17xx.a(system_LPC17xx.o)
 .comment       0x0000007e       0x7f c:/nxp/mcuxpressoide_10.2.1_795/ide/tools/bin/../lib/gcc/arm-none-eabi/7.2.1/../../../../arm-none-eabi/lib/thumb/v7-m\libcr_semihost.a(_cr__main.o)
 .comment       0x0000007e       0x7f c:/nxp/mcuxpressoide_10.2.1_795/ide/tools/bin/../lib/gcc/arm-none-eabi/7.2.1/../../../../arm-none-eabi/lib/thumb/v7-m\libcr_c.a(cr_time.o)
 .comment       0x0000007e       0x7f c:/nxp/mcuxpressoide_10.2.1_795/ide/tools/bin/../lib/gcc/arm-none-eabi/7.2.1/../../../../arm-none-eabi/lib/thumb/v7-m\libcr_c.a(fpprintf.o)
 .comment       0x0000007e       0x7f c:/nxp/mcuxpressoide_10.2.1_795/ide/tools/bin/../lib/gcc/arm-none-eabi/7.2.1/../../../../arm-none-eabi/lib/thumb/v7-m\libcr_c.a(initio.o)
 .comment       0x0000007e       0x7f c:/nxp/mcuxpressoide_10.2.1_795/ide/tools/bin/../lib/gcc/arm-none-eabi/7.2.1/../../../../arm-none-eabi/lib/thumb/v7-m\libcr_c.a(printf.o)
 .comment       0x0000007e       0x7f c:/nxp/mcuxpressoide_10.2.1_795/ide/tools/bin/../lib/gcc/arm-none-eabi/7.2.1/../../../../arm-none-eabi/lib/thumb/v7-m\libcr_c.a(setvbuf.o)
 .comment       0x0000007e       0x7f c:/nxp/mcuxpressoide_10.2.1_795/ide/tools/bin/../lib/gcc/arm-none-eabi/7.2.1/../../../../arm-none-eabi/lib/thumb/v7-m\libcr_c.a(stdlib.o)
 .comment       0x0000007e       0x7f c:/nxp/mcuxpressoide_10.2.1_795/ide/tools/bin/../lib/gcc/arm-none-eabi/7.2.1/../../../../arm-none-eabi/lib/thumb/v7-m\libcr_c.a(strlen.o)
 .comment       0x0000007e       0x7f c:/nxp/mcuxpressoide_10.2.1_795/ide/tools/bin/../lib/gcc/arm-none-eabi/7.2.1/../../../../arm-none-eabi/lib/thumb/v7-m\libcr_c.a(memset.o)
 .comment       0x0000007e       0x7f c:/nxp/mcuxpressoide_10.2.1_795/ide/tools/bin/../lib/gcc/arm-none-eabi/7.2.1/../../../../arm-none-eabi/lib/thumb/v7-m\libcr_c.a(_deferredlazyseek.o)
 .comment       0x0000007e       0x7f c:/nxp/mcuxpressoide_10.2.1_795/ide/tools/bin/../lib/gcc/arm-none-eabi/7.2.1/../../../../arm-none-eabi/lib/thumb/v7-m\libcr_c.a(_fdopen.o)
 .comment       0x0000007e       0x7f c:/nxp/mcuxpressoide_10.2.1_795/ide/tools/bin/../lib/gcc/arm-none-eabi/7.2.1/../../../../arm-none-eabi/lib/thumb/v7-m\libcr_c.a(_fflush.o)
 .comment       0x0000007e       0x7f c:/nxp/mcuxpressoide_10.2.1_795/ide/tools/bin/../lib/gcc/arm-none-eabi/7.2.1/../../../../arm-none-eabi/lib/thumb/v7-m\libcr_c.a(_frexpl.o)
 .comment       0x0000007e       0x7f c:/nxp/mcuxpressoide_10.2.1_795/ide/tools/bin/../lib/gcc/arm-none-eabi/7.2.1/../../../../arm-none-eabi/lib/thumb/v7-m\libcr_c.a(_ldexpl.o)
 .comment       0x0000007e       0x7f c:/nxp/mcuxpressoide_10.2.1_795/ide/tools/bin/../lib/gcc/arm-none-eabi/7.2.1/../../../../arm-none-eabi/lib/thumb/v7-m\libcr_c.a(_writebuf.o)
 .comment       0x0000007e       0x7f c:/nxp/mcuxpressoide_10.2.1_795/ide/tools/bin/../lib/gcc/arm-none-eabi/7.2.1/../../../../arm-none-eabi/lib/thumb/v7-m\libcr_c.a(alloc.o)
 .comment       0x0000007e       0x7f c:/nxp/mcuxpressoide_10.2.1_795/ide/tools/bin/../lib/gcc/arm-none-eabi/7.2.1/../../../../arm-none-eabi/lib/thumb/v7-m\libcr_c.a(errno.o)
 .comment       0x0000007e       0x7f c:/nxp/mcuxpressoide_10.2.1_795/ide/tools/bin/../lib/gcc/arm-none-eabi/7.2.1/../../../../arm-none-eabi/lib/thumb/v7-m\libcr_c.a(fclose.o)
 .comment       0x0000007e       0x7f c:/nxp/mcuxpressoide_10.2.1_795/ide/tools/bin/../lib/gcc/arm-none-eabi/7.2.1/../../../../arm-none-eabi/lib/thumb/v7-m\libcr_c.a(fflush.o)
 .comment       0x0000007e       0x7f c:/nxp/mcuxpressoide_10.2.1_795/ide/tools/bin/../lib/gcc/arm-none-eabi/7.2.1/../../../../arm-none-eabi/lib/thumb/v7-m\libcr_c.a(fseek.o)
 .comment       0x0000007e       0x7f c:/nxp/mcuxpressoide_10.2.1_795/ide/tools/bin/../lib/gcc/arm-none-eabi/7.2.1/../../../../arm-none-eabi/lib/thumb/v7-m\libcr_c.a(ftell.o)
 .comment       0x0000007e       0x7f c:/nxp/mcuxpressoide_10.2.1_795/ide/tools/bin/../lib/gcc/arm-none-eabi/7.2.1/../../../../arm-none-eabi/lib/thumb/v7-m\libcr_c.a(remove.o)
 .comment       0x0000007e       0x7f c:/nxp/mcuxpressoide_10.2.1_795/ide/tools/bin/../lib/gcc/arm-none-eabi/7.2.1/../../../../arm-none-eabi/lib/thumb/v7-m\libcr_c.a(__init_alloc.o)
 .comment       0x0000007e       0x7f c:/nxp/mcuxpressoide_10.2.1_795/ide/tools/bin/../lib/gcc/arm-none-eabi/7.2.1/../../../../arm-none-eabi/lib/thumb/v7-m\libcr_c.a(_cr_sbrk.o)
 .comment       0x0000007e       0x7f c:/nxp/mcuxpressoide_10.2.1_795/ide/tools/bin/../lib/gcc/arm-none-eabi/7.2.1/../../../../arm-none-eabi/lib/thumb/v7-m\libcr_c.a(_do_fflush.o)
 .comment       0x0000007e       0x7f c:/nxp/mcuxpressoide_10.2.1_795/ide/tools/bin/../lib/gcc/arm-none-eabi/7.2.1/../../../../arm-none-eabi/lib/thumb/v7-m\libcr_c.a(_hugeval.o)
 .comment       0x0000007e       0x7f c:/nxp/mcuxpressoide_10.2.1_795/ide/tools/bin/../lib/gcc/arm-none-eabi/7.2.1/../../../../arm-none-eabi/lib/thumb/v7-m\libcr_c.a(_cr_check_heap.o)
 .comment       0x0000007e       0x7f c:/nxp/mcuxpressoide_10.2.1_795/ide/tools/bin/../lib/gcc/arm-none-eabi/7.2.1/thumb/v7-m\libcr_eabihelpers.a(double.o)
 .comment       0x0000007e       0x7f c:/nxp/mcuxpressoide_10.2.1_795/ide/tools/bin/../lib/gcc/arm-none-eabi/7.2.1/thumb/v7-m\libcr_eabihelpers.a(float.o)
 .comment       0x0000007e       0x7f c:/nxp/mcuxpressoide_10.2.1_795/ide/tools/bin/../lib/gcc/arm-none-eabi/7.2.1/../../../../arm-none-eabi/lib/thumb/v7-m\libcr_semihost.a(__ciob.o)

.ARM.attributes
                0x00000000       0x31
 .ARM.attributes
                0x00000000       0x33 ./src/TP_FINAL_ED3.o
 .ARM.attributes
                0x00000033       0x33 ./src/activacion.o
 .ARM.attributes
                0x00000066       0x33 ./src/configuracion.o
 .ARM.attributes
                0x00000099       0x33 ./src/cr_startup_lpc175x_6x.o
 .ARM.attributes
                0x000000cc       0x33 ./src/crp.o
 .ARM.attributes
                0x000000ff       0x33 ./src/lcd.o
 .ARM.attributes
                0x00000132       0x33 ./src/leds.o
 .ARM.attributes
                0x00000165       0x33 ./src/simon.o
 .ARM.attributes
                0x00000198       0x33 C:\Users\Ezequiel\Documents\MCUXpressoIDE_10.2.1_795\workspace\CMSIS_CORE_LPC17xx\Debug\libCMSIS_CORE_LPC17xx.a(system_LPC17xx.o)
 .ARM.attributes
                0x000001cb       0x33 c:/nxp/mcuxpressoide_10.2.1_795/ide/tools/bin/../lib/gcc/arm-none-eabi/7.2.1/../../../../arm-none-eabi/lib/thumb/v7-m\libcr_semihost.a(_cr__main.o)
 .ARM.attributes
                0x000001fe       0x33 c:/nxp/mcuxpressoide_10.2.1_795/ide/tools/bin/../lib/gcc/arm-none-eabi/7.2.1/../../../../arm-none-eabi/lib/thumb/v7-m\libcr_c.a(cr_time.o)
 .ARM.attributes
                0x00000231       0x33 c:/nxp/mcuxpressoide_10.2.1_795/ide/tools/bin/../lib/gcc/arm-none-eabi/7.2.1/../../../../arm-none-eabi/lib/thumb/v7-m\libcr_c.a(fpprintf.o)
 .ARM.attributes
                0x00000264       0x33 c:/nxp/mcuxpressoide_10.2.1_795/ide/tools/bin/../lib/gcc/arm-none-eabi/7.2.1/../../../../arm-none-eabi/lib/thumb/v7-m\libcr_c.a(initio.o)
 .ARM.attributes
                0x00000297       0x33 c:/nxp/mcuxpressoide_10.2.1_795/ide/tools/bin/../lib/gcc/arm-none-eabi/7.2.1/../../../../arm-none-eabi/lib/thumb/v7-m\libcr_c.a(printf.o)
 .ARM.attributes
                0x000002ca       0x33 c:/nxp/mcuxpressoide_10.2.1_795/ide/tools/bin/../lib/gcc/arm-none-eabi/7.2.1/../../../../arm-none-eabi/lib/thumb/v7-m\libcr_c.a(setvbuf.o)
 .ARM.attributes
                0x000002fd       0x33 c:/nxp/mcuxpressoide_10.2.1_795/ide/tools/bin/../lib/gcc/arm-none-eabi/7.2.1/../../../../arm-none-eabi/lib/thumb/v7-m\libcr_c.a(stdlib.o)
 .ARM.attributes
                0x00000330       0x33 c:/nxp/mcuxpressoide_10.2.1_795/ide/tools/bin/../lib/gcc/arm-none-eabi/7.2.1/../../../../arm-none-eabi/lib/thumb/v7-m\libcr_c.a(strlen.o)
 .ARM.attributes
                0x00000363       0x33 c:/nxp/mcuxpressoide_10.2.1_795/ide/tools/bin/../lib/gcc/arm-none-eabi/7.2.1/../../../../arm-none-eabi/lib/thumb/v7-m\libcr_c.a(memset.o)
 .ARM.attributes
                0x00000396       0x33 c:/nxp/mcuxpressoide_10.2.1_795/ide/tools/bin/../lib/gcc/arm-none-eabi/7.2.1/../../../../arm-none-eabi/lib/thumb/v7-m\libcr_c.a(_deferredlazyseek.o)
 .ARM.attributes
                0x000003c9       0x33 c:/nxp/mcuxpressoide_10.2.1_795/ide/tools/bin/../lib/gcc/arm-none-eabi/7.2.1/../../../../arm-none-eabi/lib/thumb/v7-m\libcr_c.a(_fdopen.o)
 .ARM.attributes
                0x000003fc       0x33 c:/nxp/mcuxpressoide_10.2.1_795/ide/tools/bin/../lib/gcc/arm-none-eabi/7.2.1/../../../../arm-none-eabi/lib/thumb/v7-m\libcr_c.a(_fflush.o)
 .ARM.attributes
                0x0000042f       0x33 c:/nxp/mcuxpressoide_10.2.1_795/ide/tools/bin/../lib/gcc/arm-none-eabi/7.2.1/../../../../arm-none-eabi/lib/thumb/v7-m\libcr_c.a(_frexpl.o)
 .ARM.attributes
                0x00000462       0x33 c:/nxp/mcuxpressoide_10.2.1_795/ide/tools/bin/../lib/gcc/arm-none-eabi/7.2.1/../../../../arm-none-eabi/lib/thumb/v7-m\libcr_c.a(_ldexpl.o)
 .ARM.attributes
                0x00000495       0x33 c:/nxp/mcuxpressoide_10.2.1_795/ide/tools/bin/../lib/gcc/arm-none-eabi/7.2.1/../../../../arm-none-eabi/lib/thumb/v7-m\libcr_c.a(_writebuf.o)
 .ARM.attributes
                0x000004c8       0x33 c:/nxp/mcuxpressoide_10.2.1_795/ide/tools/bin/../lib/gcc/arm-none-eabi/7.2.1/../../../../arm-none-eabi/lib/thumb/v7-m\libcr_c.a(alloc.o)
 .ARM.attributes
                0x000004fb       0x33 c:/nxp/mcuxpressoide_10.2.1_795/ide/tools/bin/../lib/gcc/arm-none-eabi/7.2.1/../../../../arm-none-eabi/lib/thumb/v7-m\libcr_c.a(errno.o)
 .ARM.attributes
                0x0000052e       0x33 c:/nxp/mcuxpressoide_10.2.1_795/ide/tools/bin/../lib/gcc/arm-none-eabi/7.2.1/../../../../arm-none-eabi/lib/thumb/v7-m\libcr_c.a(fclose.o)
 .ARM.attributes
                0x00000561       0x33 c:/nxp/mcuxpressoide_10.2.1_795/ide/tools/bin/../lib/gcc/arm-none-eabi/7.2.1/../../../../arm-none-eabi/lib/thumb/v7-m\libcr_c.a(fflush.o)
 .ARM.attributes
                0x00000594       0x33 c:/nxp/mcuxpressoide_10.2.1_795/ide/tools/bin/../lib/gcc/arm-none-eabi/7.2.1/../../../../arm-none-eabi/lib/thumb/v7-m\libcr_c.a(fseek.o)
 .ARM.attributes
                0x000005c7       0x33 c:/nxp/mcuxpressoide_10.2.1_795/ide/tools/bin/../lib/gcc/arm-none-eabi/7.2.1/../../../../arm-none-eabi/lib/thumb/v7-m\libcr_c.a(ftell.o)
 .ARM.attributes
                0x000005fa       0x33 c:/nxp/mcuxpressoide_10.2.1_795/ide/tools/bin/../lib/gcc/arm-none-eabi/7.2.1/../../../../arm-none-eabi/lib/thumb/v7-m\libcr_c.a(remove.o)
 .ARM.attributes
                0x0000062d       0x33 c:/nxp/mcuxpressoide_10.2.1_795/ide/tools/bin/../lib/gcc/arm-none-eabi/7.2.1/../../../../arm-none-eabi/lib/thumb/v7-m\libcr_c.a(__init_alloc.o)
 .ARM.attributes
                0x00000660       0x33 c:/nxp/mcuxpressoide_10.2.1_795/ide/tools/bin/../lib/gcc/arm-none-eabi/7.2.1/../../../../arm-none-eabi/lib/thumb/v7-m\libcr_c.a(_cr_sbrk.o)
 .ARM.attributes
                0x00000693       0x33 c:/nxp/mcuxpressoide_10.2.1_795/ide/tools/bin/../lib/gcc/arm-none-eabi/7.2.1/../../../../arm-none-eabi/lib/thumb/v7-m\libcr_c.a(_do_fflush.o)
 .ARM.attributes
                0x000006c6       0x33 c:/nxp/mcuxpressoide_10.2.1_795/ide/tools/bin/../lib/gcc/arm-none-eabi/7.2.1/../../../../arm-none-eabi/lib/thumb/v7-m\libcr_c.a(_hugeval.o)
 .ARM.attributes
                0x000006f9       0x33 c:/nxp/mcuxpressoide_10.2.1_795/ide/tools/bin/../lib/gcc/arm-none-eabi/7.2.1/../../../../arm-none-eabi/lib/thumb/v7-m\libcr_c.a(_cr_check_heap.o)
 .ARM.attributes
                0x0000072c       0x33 c:/nxp/mcuxpressoide_10.2.1_795/ide/tools/bin/../lib/gcc/arm-none-eabi/7.2.1/thumb/v7-m\libcr_eabihelpers.a(double.o)
 .ARM.attributes
                0x0000075f       0x33 c:/nxp/mcuxpressoide_10.2.1_795/ide/tools/bin/../lib/gcc/arm-none-eabi/7.2.1/thumb/v7-m\libcr_eabihelpers.a(float.o)
 .ARM.attributes
                0x00000792       0x21 c:/nxp/mcuxpressoide_10.2.1_795/ide/tools/bin/../lib/gcc/arm-none-eabi/7.2.1/thumb/v7-m\libcr_eabihelpers.a(memcpy.o)
 .ARM.attributes
                0x000007b3       0x33 c:/nxp/mcuxpressoide_10.2.1_795/ide/tools/bin/../lib/gcc/arm-none-eabi/7.2.1/../../../../arm-none-eabi/lib/thumb/v7-m\libcr_semihost.a(__ciob.o)
 .ARM.attributes
                0x000007e6       0x21 c:/nxp/mcuxpressoide_10.2.1_795/ide/tools/bin/../lib/gcc/arm-none-eabi/7.2.1/../../../../arm-none-eabi/lib/thumb/v7-m\libcr_semihost.a(__sys_appexit.o)
 .ARM.attributes
                0x00000807       0x21 c:/nxp/mcuxpressoide_10.2.1_795/ide/tools/bin/../lib/gcc/arm-none-eabi/7.2.1/../../../../arm-none-eabi/lib/thumb/v7-m\libcr_semihost.a(__sys_close.o)
 .ARM.attributes
                0x00000828       0x21 c:/nxp/mcuxpressoide_10.2.1_795/ide/tools/bin/../lib/gcc/arm-none-eabi/7.2.1/../../../../arm-none-eabi/lib/thumb/v7-m\libcr_semihost.a(__sys_flen.o)
 .ARM.attributes
                0x00000849       0x21 c:/nxp/mcuxpressoide_10.2.1_795/ide/tools/bin/../lib/gcc/arm-none-eabi/7.2.1/../../../../arm-none-eabi/lib/thumb/v7-m\libcr_semihost.a(__sys_istty.o)
 .ARM.attributes
                0x0000086a       0x21 c:/nxp/mcuxpressoide_10.2.1_795/ide/tools/bin/../lib/gcc/arm-none-eabi/7.2.1/../../../../arm-none-eabi/lib/thumb/v7-m\libcr_semihost.a(__sys_remove.o)
 .ARM.attributes
                0x0000088b       0x21 c:/nxp/mcuxpressoide_10.2.1_795/ide/tools/bin/../lib/gcc/arm-none-eabi/7.2.1/../../../../arm-none-eabi/lib/thumb/v7-m\libcr_semihost.a(__sys_seek.o)
 .ARM.attributes
                0x000008ac       0x21 c:/nxp/mcuxpressoide_10.2.1_795/ide/tools/bin/../lib/gcc/arm-none-eabi/7.2.1/../../../../arm-none-eabi/lib/thumb/v7-m\libcr_semihost.a(__sys_time.o)
 .ARM.attributes
                0x000008cd       0x21 c:/nxp/mcuxpressoide_10.2.1_795/ide/tools/bin/../lib/gcc/arm-none-eabi/7.2.1/../../../../arm-none-eabi/lib/thumb/v7-m\libcr_semihost.a(__sys_tmpnam.o)
 .ARM.attributes
                0x000008ee       0x21 c:/nxp/mcuxpressoide_10.2.1_795/ide/tools/bin/../lib/gcc/arm-none-eabi/7.2.1/../../../../arm-none-eabi/lib/thumb/v7-m\libcr_semihost.a(__sys_write.o)

.debug_frame    0x00000000      0xb80
 .debug_frame   0x00000000       0x30 ./src/TP_FINAL_ED3.o
 .debug_frame   0x00000030      0x31c ./src/activacion.o
 .debug_frame   0x0000034c      0x188 ./src/configuracion.o
 .debug_frame   0x000004d4      0x170 ./src/cr_startup_lpc175x_6x.o
 .debug_frame   0x00000644      0x158 ./src/lcd.o
 .debug_frame   0x0000079c      0x1b8 ./src/leds.o
 .debug_frame   0x00000954      0x1e0 ./src/simon.o
 .debug_frame   0x00000b34       0x4c C:\Users\Ezequiel\Documents\MCUXpressoIDE_10.2.1_795\workspace\CMSIS_CORE_LPC17xx\Debug\libCMSIS_CORE_LPC17xx.a(system_LPC17xx.o)

.debug_loc      0x00000000       0x42
 .debug_loc     0x00000000       0x42 C:\Users\Ezequiel\Documents\MCUXpressoIDE_10.2.1_795\workspace\CMSIS_CORE_LPC17xx\Debug\libCMSIS_CORE_LPC17xx.a(system_LPC17xx.o)
